Component: ARM Compiler 5.06 update 5 (build 528) Tool: armlink [4d35e2]

==============================================================================

Section Cross References

    startup_stm32f407xx.o(RESET) refers to startup_stm32f407xx.o(STACK) for __initial_sp
    startup_stm32f407xx.o(RESET) refers to startup_stm32f407xx.o(.text) for Reset_Handler
    startup_stm32f407xx.o(RESET) refers to stm32f4xx_it.o(i.NMI_Handler) for NMI_Handler
    startup_stm32f407xx.o(RESET) refers to stm32f4xx_it.o(i.HardFault_Handler) for HardFault_Handler
    startup_stm32f407xx.o(RESET) refers to stm32f4xx_it.o(i.MemManage_Handler) for MemManage_Handler
    startup_stm32f407xx.o(RESET) refers to stm32f4xx_it.o(i.BusFault_Handler) for BusFault_Handler
    startup_stm32f407xx.o(RESET) refers to stm32f4xx_it.o(i.UsageFault_Handler) for UsageFault_Handler
    startup_stm32f407xx.o(RESET) refers to stm32f4xx_it.o(i.SVC_Handler) for SVC_Handler
    startup_stm32f407xx.o(RESET) refers to stm32f4xx_it.o(i.DebugMon_Handler) for DebugMon_Handler
    startup_stm32f407xx.o(RESET) refers to stm32f4xx_it.o(i.PendSV_Handler) for PendSV_Handler
    startup_stm32f407xx.o(RESET) refers to stm32f4xx_it.o(i.SysTick_Handler) for SysTick_Handler
    startup_stm32f407xx.o(RESET) refers to stm32f4xx_it.o(i.DMA1_Stream3_IRQHandler) for DMA1_Stream3_IRQHandler
    startup_stm32f407xx.o(RESET) refers to stm32f4xx_it.o(i.DMA1_Stream4_IRQHandler) for DMA1_Stream4_IRQHandler
    startup_stm32f407xx.o(RESET) refers to stm32f4xx_it.o(i.TIM6_DAC_IRQHandler) for TIM6_DAC_IRQHandler
    startup_stm32f407xx.o(.text) refers to system_stm32f4xx.o(i.SystemInit) for SystemInit
    startup_stm32f407xx.o(.text) refers to entry.o(.ARM.Collect$$$$00000000) for __main
    sdcard.o(i.SDGetAnswer) refers to stm32f4xx_hal_spi.o(i.HAL_SPI_TransmitReceive) for HAL_SPI_TransmitReceive
    sdcard.o(i.SDGetAnswerArr) refers to stm32f4xx_hal_spi.o(i.HAL_SPI_TransmitReceive) for HAL_SPI_TransmitReceive
    sdcard.o(i.SDGetAnswerArrDMA) refers to sdcard.o(i.makeSPIDMARequest) for makeSPIDMARequest
    sdcard.o(i.SDGetAnswerArrDbg) refers to stm32f4xx_hal_spi.o(i.HAL_SPI_TransmitReceive) for HAL_SPI_TransmitReceive
    sdcard.o(i.SDInit) refers to memcpya.o(.text) for __aeabi_memcpy4
    sdcard.o(i.SDInit) refers to sdcard.o(i.SDUnselect) for SDUnselect
    sdcard.o(i.SDInit) refers to stm32f4xx_hal_spi.o(i.HAL_SPI_Transmit) for HAL_SPI_Transmit
    sdcard.o(i.SDInit) refers to sdcard.o(i.SDSelect) for SDSelect
    sdcard.o(i.SDInit) refers to sdcard.o(i.SDWaitNotBusy) for SDWaitNotBusy
    sdcard.o(i.SDInit) refers to sdcard.o(i.SDSendCmd) for SDSendCmd
    sdcard.o(i.SDInit) refers to sdcard.o(i.SDGetAnswer) for SDGetAnswer
    sdcard.o(i.SDInit) refers to sdcard.o(i.processResult) for processResult
    sdcard.o(i.SDInit) refers to sdcard.o(i.SDGetAnswerArr) for SDGetAnswerArr
    sdcard.o(i.SDInit) refers to stm32f4xx_hal.o(i.HAL_Delay) for HAL_Delay
    sdcard.o(i.SDSelect) refers to stm32f4xx_hal_gpio.o(i.HAL_GPIO_WritePin) for HAL_GPIO_WritePin
    sdcard.o(i.SDSendCmd) refers to sdcard.o(i.SDWaitNotBusy) for SDWaitNotBusy
    sdcard.o(i.SDSendCmd) refers to stm32f4xx_hal_spi.o(i.HAL_SPI_Transmit) for HAL_SPI_Transmit
    sdcard.o(i.SDUnselect) refers to stm32f4xx_hal_gpio.o(i.HAL_GPIO_WritePin) for HAL_GPIO_WritePin
    sdcard.o(i.SDWaitDataToken) refers to stm32f4xx_hal_spi.o(i.HAL_SPI_TransmitReceive) for HAL_SPI_TransmitReceive
    sdcard.o(i.SDWaitNotBusy) refers to memcpya.o(.text) for __aeabi_memcpy4
    sdcard.o(i.SDWaitNotBusy) refers to sdcard.o(i.SDGetAnswerArr) for SDGetAnswerArr
    sdcard.o(i.makeSPIDMARequest) refers to main.o(.bss) for hdma_spi2_rx
    sdcard.o(i.makeSPIDMARequest) refers to main.o(.bss) for hdma_spi2_tx
    sdcard.o(i.makeSPIDMARequest) refers to sdcard.o(.data) for .data
    sdcard.o(i.processResult) refers to memcpya.o(.text) for __aeabi_memcpy4
    sdcard.o(i.processResult) refers to sdcard.o(i.SDUnselect) for SDUnselect
    sdcard.o(i.processResult) refers to stm32f4xx_hal.o(i.HAL_Delay) for HAL_Delay
    sdcard.o(i.processResult) refers to sdcard.o(i.SDSelect) for SDSelect
    sdcard.o(i.readMultipleBlocks) refers to memcpya.o(.text) for __aeabi_memcpy4
    sdcard.o(i.readMultipleBlocks) refers to sdcard.o(i.SDSelect) for SDSelect
    sdcard.o(i.readMultipleBlocks) refers to sdcard.o(i.SDSendCmd) for SDSendCmd
    sdcard.o(i.readMultipleBlocks) refers to sdcard.o(i.SDGetAnswer) for SDGetAnswer
    sdcard.o(i.readMultipleBlocks) refers to sdcard.o(i.processResult) for processResult
    sdcard.o(i.readMultipleBlocks) refers to sdcard.o(i.SDUnselect) for SDUnselect
    sdcard.o(i.readMultipleBlocks) refers to sdcard.o(i.SDWaitDataToken) for SDWaitDataToken
    sdcard.o(i.readMultipleBlocks) refers to sdcard.o(i.SDGetAnswerArr) for SDGetAnswerArr
    sdcard.o(i.readMultipleBlocksDMA) refers to memcpya.o(.text) for __aeabi_memcpy4
    sdcard.o(i.readMultipleBlocksDMA) refers to sdcard.o(i.SDSelect) for SDSelect
[...]
    Removing stm32f4xx_hal_tim.o(.revsh_text), (4 bytes).
    Removing stm32f4xx_hal_tim.o(.rrx_text), (6 bytes).
    Removing stm32f4xx_hal_tim.o(i.HAL_TIM_Base_DeInit), (56 bytes).
    Removing stm32f4xx_hal_tim.o(i.HAL_TIM_Base_GetState), (6 bytes).
    Removing stm32f4xx_hal_tim.o(i.HAL_TIM_Base_MspDeInit), (2 bytes).
    Removing stm32f4xx_hal_tim.o(i.HAL_TIM_Base_MspInit), (2 bytes).
    Removing stm32f4xx_hal_tim.o(i.HAL_TIM_Base_Start_DMA), (116 bytes).
    Removing stm32f4xx_hal_tim.o(i.HAL_TIM_Base_Start_IT), (34 bytes).
    Removing stm32f4xx_hal_tim.o(i.HAL_TIM_Base_Stop), (44 bytes).
    Removing stm32f4xx_hal_tim.o(i.HAL_TIM_Base_Stop_DMA), (58 bytes).
    Removing stm32f4xx_hal_tim.o(i.HAL_TIM_Base_Stop_IT), (42 bytes).
    Removing stm32f4xx_hal_tim.o(i.HAL_TIM_ConfigOCrefClear), (210 bytes).
    Removing stm32f4xx_hal_tim.o(i.HAL_TIM_ConfigTI1Input), (16 bytes).
    Removing stm32f4xx_hal_tim.o(i.HAL_TIM_DMABurst_ReadStart), (336 bytes).
    Removing stm32f4xx_hal_tim.o(i.HAL_TIM_DMABurst_ReadStop), (100 bytes).
    Removing stm32f4xx_hal_tim.o(i.HAL_TIM_DMABurst_WriteStart), (336 bytes).
    Removing stm32f4xx_hal_tim.o(i.HAL_TIM_DMABurst_WriteStop), (100 bytes).
    Removing stm32f4xx_hal_tim.o(i.HAL_TIM_Encoder_DeInit), (56 bytes).
    Removing stm32f4xx_hal_tim.o(i.HAL_TIM_Encoder_GetState), (6 bytes).
    Removing stm32f4xx_hal_tim.o(i.HAL_TIM_Encoder_Init), (152 bytes).
    Removing stm32f4xx_hal_tim.o(i.HAL_TIM_Encoder_MspDeInit), (2 bytes).
    Removing stm32f4xx_hal_tim.o(i.HAL_TIM_Encoder_MspInit), (2 bytes).
    Removing stm32f4xx_hal_tim.o(i.HAL_TIM_Encoder_Start), (52 bytes).
    Removing stm32f4xx_hal_tim.o(i.HAL_TIM_Encoder_Start_DMA), (312 bytes).
    Removing stm32f4xx_hal_tim.o(i.HAL_TIM_Encoder_Start_IT), (92 bytes).
    Removing stm32f4xx_hal_tim.o(i.HAL_TIM_Encoder_Stop), (70 bytes).
    Removing stm32f4xx_hal_tim.o(i.HAL_TIM_Encoder_Stop_DMA), (144 bytes).
    Removing stm32f4xx_hal_tim.o(i.HAL_TIM_Encoder_Stop_IT), (116 bytes).
    Removing stm32f4xx_hal_tim.o(i.HAL_TIM_ErrorCallback), (2 bytes).
    Removing stm32f4xx_hal_tim.o(i.HAL_TIM_GenerateEvent), (38 bytes).
    Removing stm32f4xx_hal_tim.o(i.HAL_TIM_IC_CaptureHalfCpltCallback), (2 bytes).
    Removing stm32f4xx_hal_tim.o(i.HAL_TIM_IC_ConfigChannel), (286 bytes).
    Removing stm32f4xx_hal_tim.o(i.HAL_TIM_IC_DeInit), (56 bytes).
    Removing stm32f4xx_hal_tim.o(i.HAL_TIM_IC_GetState), (6 bytes).
    Removing stm32f4xx_hal_tim.o(i.HAL_TIM_IC_Init), (54 bytes).
    Removing stm32f4xx_hal_tim.o(i.HAL_TIM_IC_MspDeInit), (2 bytes).
    Removing stm32f4xx_hal_tim.o(i.HAL_TIM_IC_MspInit), (2 bytes).
    Removing stm32f4xx_hal_tim.o(i.HAL_TIM_IC_Start), (36 bytes).
    Removing stm32f4xx_hal_tim.o(i.HAL_TIM_IC_Start_DMA), (248 bytes).
    Removing stm32f4xx_hal_tim.o(i.HAL_TIM_IC_Start_IT), (86 bytes).
    Removing stm32f4xx_hal_tim.o(i.HAL_TIM_IC_Stop), (44 bytes).
    Removing stm32f4xx_hal_tim.o(i.HAL_TIM_IC_Stop_DMA), (122 bytes).
    Removing stm32f4xx_hal_tim.o(i.HAL_TIM_IC_Stop_IT), (94 bytes).
    Removing stm32f4xx_hal_tim.o(i.HAL_TIM_OC_ConfigChannel), (86 bytes).
    Removing stm32f4xx_hal_tim.o(i.HAL_TIM_OC_DeInit), (56 bytes).
    Removing stm32f4xx_hal_tim.o(i.HAL_TIM_OC_GetState), (6 bytes).
    Removing stm32f4xx_hal_tim.o(i.HAL_TIM_OC_Init), (54 bytes).
    Removing stm32f4xx_hal_tim.o(i.HAL_TIM_OC_MspDeInit), (2 bytes).
    Removing stm32f4xx_hal_tim.o(i.HAL_TIM_OC_MspInit), (2 bytes).
    Removing stm32f4xx_hal_tim.o(i.HAL_TIM_OC_Start), (68 bytes).
    Removing stm32f4xx_hal_tim.o(i.HAL_TIM_OC_Start_DMA), (288 bytes).
    Removing stm32f4xx_hal_tim.o(i.HAL_TIM_OC_Start_IT), (116 bytes).
    Removing stm32f4xx_hal_tim.o(i.HAL_TIM_OC_Stop), (88 bytes).
    Removing stm32f4xx_hal_tim.o(i.HAL_TIM_OC_Stop_DMA), (164 bytes).
    Removing stm32f4xx_hal_tim.o(i.HAL_TIM_OC_Stop_IT), (136 bytes).
    Removing stm32f4xx_hal_tim.o(i.HAL_TIM_OnePulse_ConfigChannel), (218 bytes).
    Removing stm32f4xx_hal_tim.o(i.HAL_TIM_OnePulse_DeInit), (56 bytes).
    Removing stm32f4xx_hal_tim.o(i.HAL_TIM_OnePulse_GetState), (6 bytes).
    Removing stm32f4xx_hal_tim.o(i.HAL_TIM_OnePulse_Init), (74 bytes).
    Removing stm32f4xx_hal_tim.o(i.HAL_TIM_OnePulse_MspDeInit), (2 bytes).
    Removing stm32f4xx_hal_tim.o(i.HAL_TIM_OnePulse_MspInit), (2 bytes).
    Removing stm32f4xx_hal_tim.o(i.HAL_TIM_OnePulse_Start), (60 bytes).
    Removing stm32f4xx_hal_tim.o(i.HAL_TIM_OnePulse_Start_IT), (80 bytes).
    Removing stm32f4xx_hal_tim.o(i.HAL_TIM_OnePulse_Stop), (100 bytes).
    Removing stm32f4xx_hal_tim.o(i.HAL_TIM_OnePulse_Stop_IT), (120 bytes).
    Removing stm32f4xx_hal_tim.o(i.HAL_TIM_PWM_ConfigChannel), (208 bytes).
    Removing stm32f4xx_hal_tim.o(i.HAL_TIM_PWM_DeInit), (56 bytes).
    Removing stm32f4xx_hal_tim.o(i.HAL_TIM_PWM_GetState), (6 bytes).
    Removing stm32f4xx_hal_tim.o(i.HAL_TIM_PWM_Init), (54 bytes).
    Removing stm32f4xx_hal_tim.o(i.HAL_TIM_PWM_MspDeInit), (2 bytes).
    Removing stm32f4xx_hal_tim.o(i.HAL_TIM_PWM_MspInit), (2 bytes).
    Removing stm32f4xx_hal_tim.o(i.HAL_TIM_PWM_PulseFinishedHalfCpltCallback), (2 bytes).
    Removing stm32f4xx_hal_tim.o(i.HAL_TIM_PWM_Start), (68 bytes).
    Removing stm32f4xx_hal_tim.o(i.HAL_TIM_PWM_Start_DMA), (288 bytes).
    Removing stm32f4xx_hal_tim.o(i.HAL_TIM_PWM_Start_IT), (116 bytes).
    Removing stm32f4xx_hal_tim.o(i.HAL_TIM_PWM_Stop), (92 bytes).
    Removing stm32f4xx_hal_tim.o(i.HAL_TIM_PWM_Stop_DMA), (164 bytes).
    Removing stm32f4xx_hal_tim.o(i.HAL_TIM_PWM_Stop_IT), (136 bytes).
    Removing stm32f4xx_hal_tim.o(i.HAL_TIM_PeriodElapsedHalfCpltCallback), (2 bytes).
    Removing stm32f4xx_hal_tim.o(i.HAL_TIM_ReadCapturedValue), (42 bytes).
    Removing stm32f4xx_hal_tim.o(i.HAL_TIM_SlaveConfigSynchro), (86 bytes).
    Removing stm32f4xx_hal_tim.o(i.HAL_TIM_SlaveConfigSynchro_IT), (86 bytes).
    Removing stm32f4xx_hal_tim.o(i.HAL_TIM_TriggerHalfCpltCallback), (2 bytes).
    Removing stm32f4xx_hal_tim.o(i.TIM_CCxChannelCmd), (26 bytes).
    Removing stm32f4xx_hal_tim.o(i.TIM_DMACaptureCplt), (62 bytes).
    Removing stm32f4xx_hal_tim.o(i.TIM_DMACaptureHalfCplt), (62 bytes).
    Removing stm32f4xx_hal_tim.o(i.TIM_DMADelayPulseCplt), (62 bytes).
    Removing stm32f4xx_hal_tim.o(i.TIM_DMADelayPulseHalfCplt), (62 bytes).
    Removing stm32f4xx_hal_tim.o(i.TIM_DMAError), (16 bytes).
    Removing stm32f4xx_hal_tim.o(i.TIM_DMAPeriodElapsedCplt), (16 bytes).
    Removing stm32f4xx_hal_tim.o(i.TIM_DMAPeriodElapsedHalfCplt), (16 bytes).
    Removing stm32f4xx_hal_tim.o(i.TIM_DMATriggerCplt), (16 bytes).
    Removing stm32f4xx_hal_tim.o(i.TIM_DMATriggerHalfCplt), (16 bytes).
    Removing stm32f4xx_hal_tim.o(i.TIM_OC1_SetConfig), (96 bytes).
    Removing stm32f4xx_hal_tim.o(i.TIM_OC2_SetConfig), (108 bytes).
    Removing stm32f4xx_hal_tim.o(i.TIM_OC3_SetConfig), (104 bytes).
    Removing stm32f4xx_hal_tim.o(i.TIM_OC4_SetConfig), (80 bytes).
    Removing stm32f4xx_hal_tim.o(i.TIM_SlaveTimer_SetConfig), (134 bytes).
    Removing stm32f4xx_hal_tim.o(i.TIM_TI1_SetConfig), (128 bytes).
    Removing stm32f4xx_hal_tim.o(i.TIM_TI2_SetConfig), (54 bytes).
    Removing stm32f4xx_hal_tim_ex.o(.rev16_text), (4 bytes).
    Removing stm32f4xx_hal_tim_ex.o(.revsh_text), (4 bytes).
    Removing stm32f4xx_hal_tim_ex.o(.rrx_text), (6 bytes).
    Removing stm32f4xx_hal_tim_ex.o(i.HAL_TIMEx_CommutHalfCpltCallback), (2 bytes).
    Removing stm32f4xx_hal_tim_ex.o(i.HAL_TIMEx_ConfigBreakDeadTime), (84 bytes).
    Removing stm32f4xx_hal_tim_ex.o(i.HAL_TIMEx_ConfigCommutEvent), (112 bytes).
    Removing stm32f4xx_hal_tim_ex.o(i.HAL_TIMEx_ConfigCommutEvent_DMA), (144 bytes).
    Removing stm32f4xx_hal_tim_ex.o(i.HAL_TIMEx_ConfigCommutEvent_IT), (112 bytes).
    Removing stm32f4xx_hal_tim_ex.o(i.HAL_TIMEx_HallSensor_DeInit), (56 bytes).
    Removing stm32f4xx_hal_tim_ex.o(i.HAL_TIMEx_HallSensor_GetState), (6 bytes).
    Removing stm32f4xx_hal_tim_ex.o(i.HAL_TIMEx_HallSensor_Init), (188 bytes).
    Removing stm32f4xx_hal_tim_ex.o(i.HAL_TIMEx_HallSensor_MspDeInit), (2 bytes).
    Removing stm32f4xx_hal_tim_ex.o(i.HAL_TIMEx_HallSensor_MspInit), (2 bytes).
    Removing stm32f4xx_hal_tim_ex.o(i.HAL_TIMEx_HallSensor_Start), (38 bytes).
    Removing stm32f4xx_hal_tim_ex.o(i.HAL_TIMEx_HallSensor_Start_DMA), (128 bytes).
    Removing stm32f4xx_hal_tim_ex.o(i.HAL_TIMEx_HallSensor_Start_IT), (48 bytes).
    Removing stm32f4xx_hal_tim_ex.o(i.HAL_TIMEx_HallSensor_Stop), (46 bytes).
    Removing stm32f4xx_hal_tim_ex.o(i.HAL_TIMEx_HallSensor_Stop_DMA), (62 bytes).
    Removing stm32f4xx_hal_tim_ex.o(i.HAL_TIMEx_HallSensor_Stop_IT), (56 bytes).
    Removing stm32f4xx_hal_tim_ex.o(i.HAL_TIMEx_OCN_Start), (46 bytes).
    Removing stm32f4xx_hal_tim_ex.o(i.HAL_TIMEx_OCN_Start_DMA), (228 bytes).
    Removing stm32f4xx_hal_tim_ex.o(i.HAL_TIMEx_OCN_Start_IT), (94 bytes).
    Removing stm32f4xx_hal_tim_ex.o(i.HAL_TIMEx_OCN_Stop), (68 bytes).
    Removing stm32f4xx_hal_tim_ex.o(i.HAL_TIMEx_OCN_Stop_DMA), (130 bytes).
    Removing stm32f4xx_hal_tim_ex.o(i.HAL_TIMEx_OCN_Stop_IT), (122 bytes).
    Removing stm32f4xx_hal_tim_ex.o(i.HAL_TIMEx_OnePulseN_Start), (26 bytes).
    Removing stm32f4xx_hal_tim_ex.o(i.HAL_TIMEx_OnePulseN_Start_IT), (46 bytes).
    Removing stm32f4xx_hal_tim_ex.o(i.HAL_TIMEx_OnePulseN_Stop), (68 bytes).
    Removing stm32f4xx_hal_tim_ex.o(i.HAL_TIMEx_OnePulseN_Stop_IT), (88 bytes).
    Removing stm32f4xx_hal_tim_ex.o(i.HAL_TIMEx_PWMN_Start), (46 bytes).
    Removing stm32f4xx_hal_tim_ex.o(i.HAL_TIMEx_PWMN_Start_DMA), (228 bytes).
    Removing stm32f4xx_hal_tim_ex.o(i.HAL_TIMEx_PWMN_Start_IT), (94 bytes).
    Removing stm32f4xx_hal_tim_ex.o(i.HAL_TIMEx_PWMN_Stop), (68 bytes).
    Removing stm32f4xx_hal_tim_ex.o(i.HAL_TIMEx_PWMN_Stop_DMA), (130 bytes).
    Removing stm32f4xx_hal_tim_ex.o(i.HAL_TIMEx_PWMN_Stop_IT), (122 bytes).
    Removing stm32f4xx_hal_tim_ex.o(i.HAL_TIMEx_RemapConfig), (28 bytes).
    Removing stm32f4xx_hal_tim_ex.o(i.TIMEx_DMACommutationCplt), (16 bytes).
    Removing stm32f4xx_hal_tim_ex.o(i.TIMEx_DMACommutationHalfCplt), (16 bytes).
    Removing stm32f4xx_hal_tim_ex.o(i.TIM_CCxNChannelCmd), (26 bytes).
    Removing stm32f4xx_hal_uart.o(.rev16_text), (4 bytes).
    Removing stm32f4xx_hal_uart.o(.revsh_text), (4 bytes).
    Removing stm32f4xx_hal_uart.o(.rrx_text), (6 bytes).
    Removing stm32f4xx_hal_uart.o(i.HAL_HalfDuplex_EnableReceiver), (50 bytes).
    Removing stm32f4xx_hal_uart.o(i.HAL_HalfDuplex_EnableTransmitter), (50 bytes).
    Removing stm32f4xx_hal_uart.o(i.HAL_HalfDuplex_Init), (108 bytes).
    Removing stm32f4xx_hal_uart.o(i.HAL_LIN_Init), (128 bytes).
    Removing stm32f4xx_hal_uart.o(i.HAL_LIN_SendBreak), (46 bytes).
    Removing stm32f4xx_hal_uart.o(i.HAL_MultiProcessor_EnterMuteMode), (46 bytes).
    Removing stm32f4xx_hal_uart.o(i.HAL_MultiProcessor_ExitMuteMode), (46 bytes).
    Removing stm32f4xx_hal_uart.o(i.HAL_MultiProcessor_Init), (142 bytes).
    Removing stm32f4xx_hal_uart.o(i.HAL_UART_Abort), (138 bytes).
    Removing stm32f4xx_hal_uart.o(i.HAL_UART_AbortCpltCallback), (2 bytes).
    Removing stm32f4xx_hal_uart.o(i.HAL_UART_AbortReceive), (88 bytes).
    Removing stm32f4xx_hal_uart.o(i.HAL_UART_AbortReceiveCpltCallback), (2 bytes).
    Removing stm32f4xx_hal_uart.o(i.HAL_UART_AbortReceive_IT), (92 bytes).
    Removing stm32f4xx_hal_uart.o(i.HAL_UART_AbortTransmit), (78 bytes).
    Removing stm32f4xx_hal_uart.o(i.HAL_UART_AbortTransmitCpltCallback), (2 bytes).
    Removing stm32f4xx_hal_uart.o(i.HAL_UART_AbortTransmit_IT), (84 bytes).
    Removing stm32f4xx_hal_uart.o(i.HAL_UART_Abort_IT), (172 bytes).
    Removing stm32f4xx_hal_uart.o(i.HAL_UART_DMAPause), (102 bytes).
    Removing stm32f4xx_hal_uart.o(i.HAL_UART_DMAResume), (94 bytes).
    Removing stm32f4xx_hal_uart.o(i.HAL_UART_DMAStop), (88 bytes).
    Removing stm32f4xx_hal_uart.o(i.HAL_UART_DeInit), (50 bytes).
    Removing stm32f4xx_hal_uart.o(i.HAL_UART_ErrorCallback), (2 bytes).
    Removing stm32f4xx_hal_uart.o(i.HAL_UART_GetError), (4 bytes).
    Removing stm32f4xx_hal_uart.o(i.HAL_UART_GetState), (10 bytes).
    Removing stm32f4xx_hal_uart.o(i.HAL_UART_IRQHandler), (276 bytes).
    Removing stm32f4xx_hal_uart.o(i.HAL_UART_MspDeInit), (2 bytes).
    Removing stm32f4xx_hal_uart.o(i.HAL_UART_MspInit), (2 bytes).
    Removing stm32f4xx_hal_uart.o(i.HAL_UART_Receive), (190 bytes).
    Removing stm32f4xx_hal_uart.o(i.HAL_UART_Receive_DMA), (152 bytes).
    Removing stm32f4xx_hal_uart.o(i.HAL_UART_Receive_IT), (82 bytes).
    Removing stm32f4xx_hal_uart.o(i.HAL_UART_RxCpltCallback), (2 bytes).
    Removing stm32f4xx_hal_uart.o(i.HAL_UART_RxHalfCpltCallback), (2 bytes).
    Removing stm32f4xx_hal_uart.o(i.HAL_UART_Transmit_DMA), (128 bytes).
    Removing stm32f4xx_hal_uart.o(i.HAL_UART_Transmit_IT), (62 bytes).
    Removing stm32f4xx_hal_uart.o(i.HAL_UART_TxCpltCallback), (2 bytes).
    Removing stm32f4xx_hal_uart.o(i.HAL_UART_TxHalfCpltCallback), (2 bytes).
    Removing stm32f4xx_hal_uart.o(i.UART_DMAAbortOnError), (16 bytes).
    Removing stm32f4xx_hal_uart.o(i.UART_DMAError), (74 bytes).
    Removing stm32f4xx_hal_uart.o(i.UART_DMAReceiveCplt), (60 bytes).
    Removing stm32f4xx_hal_uart.o(i.UART_DMARxAbortCallback), (42 bytes).
    Removing stm32f4xx_hal_uart.o(i.UART_DMARxHalfCplt), (10 bytes).
    Removing stm32f4xx_hal_uart.o(i.UART_DMARxOnlyAbortCallback), (20 bytes).
    Removing stm32f4xx_hal_uart.o(i.UART_DMATransmitCplt), (46 bytes).
    Removing stm32f4xx_hal_uart.o(i.UART_DMATxAbortCallback), (42 bytes).
    Removing stm32f4xx_hal_uart.o(i.UART_DMATxHalfCplt), (10 bytes).
    Removing stm32f4xx_hal_uart.o(i.UART_DMATxOnlyAbortCallback), (20 bytes).
    Removing stm32f4xx_hal_uart.o(i.UART_EndRxTransfer), (28 bytes).
    Removing stm32f4xx_hal_uart.o(i.UART_EndTxTransfer), (18 bytes).
    Removing stm32f4xx_hal_uart.o(i.UART_Receive_IT), (150 bytes).
    Removing stm32f4xx_hal_uart.o(i.UART_Transmit_IT), (98 bytes).
    Removing system_stm32f4xx.o(.rev16_text), (4 bytes).
    Removing system_stm32f4xx.o(.revsh_text), (4 bytes).
    Removing system_stm32f4xx.o(.rrx_text), (6 bytes).
    Removing system_stm32f4xx.o(i.SystemCoreClockUpdate), (120 bytes).
    Removing diskio.o(.rev16_text), (4 bytes).
    Removing diskio.o(.revsh_text), (4 bytes).
    Removing diskio.o(.rrx_text), (6 bytes).
    Removing diskio.o(i.disk_ioctl), (28 bytes).
    Removing diskio.o(i.disk_write), (28 bytes).
    Removing diskio.o(i.get_fattime), (4 bytes).
    Removing ff.o(.rev16_text), (4 bytes).
    Removing ff.o(.revsh_text), (4 bytes).
    Removing ff.o(.rrx_text), (6 bytes).
    Removing ff.o(i.f_gets), (72 bytes).
    Removing ff.o(i.f_stat), (60 bytes).
    Removing ff_gen_drv.o(.rev16_text), (4 bytes).
    Removing ff_gen_drv.o(.revsh_text), (4 bytes).
    Removing ff_gen_drv.o(.rrx_text), (6 bytes).
    Removing ff_gen_drv.o(i.FATFS_GetAttachedDriversNbr), (12 bytes).
    Removing ff_gen_drv.o(i.FATFS_UnLinkDriver), (6 bytes).
    Removing ff_gen_drv.o(i.FATFS_UnLinkDriverEx), (52 bytes).
    Removing syscall.o(.rev16_text), (4 bytes).
    Removing syscall.o(.revsh_text), (4 bytes).
    Removing syscall.o(.rrx_text), (6 bytes).

476 unused section(s) (total 34074 bytes) removed from the image.

==============================================================================

Image Symbol Table

    Local Symbols

    Symbol Name                              Value     Ov Type        Size  Object(Section)

    ../Drivers/STM32F4xx_HAL_Driver/Src/stm32f4xx_hal.c 0x00000000   Number         0  stm32f4xx_hal.o ABSOLUTE
    ../Drivers/STM32F4xx_HAL_Driver/Src/stm32f4xx_hal_cortex.c 0x00000000   Number         0  stm32f4xx_hal_cortex.o ABSOLUTE
    ../Drivers/STM32F4xx_HAL_Driver/Src/stm32f4xx_hal_dma.c 0x00000000   Number         0  stm32f4xx_hal_dma.o ABSOLUTE
    ../Drivers/STM32F4xx_HAL_Driver/Src/stm32f4xx_hal_dma_ex.c 0x00000000   Number         0  stm32f4xx_hal_dma_ex.o ABSOLUTE
    ../Drivers/STM32F4xx_HAL_Driver/Src/stm32f4xx_hal_exti.c 0x00000000   Number         0  stm32f4xx_hal_exti.o ABSOLUTE
    ../Drivers/STM32F4xx_HAL_Driver/Src/stm32f4xx_hal_flash.c 0x00000000   Number         0  stm32f4xx_hal_flash.o ABSOLUTE
    ../Drivers/STM32F4xx_HAL_Driver/Src/stm32f4xx_hal_flash_ex.c 0x00000000   Number         0  stm32f4xx_hal_flash_ex.o ABSOLUTE
    ../Drivers/STM32F4xx_HAL_Driver/Src/stm32f4xx_hal_flash_ramfunc.c 0x00000000   Number         0  stm32f4xx_hal_flash_ramfunc.o ABSOLUTE
    ../Drivers/STM32F4xx_HAL_Driver/Src/stm32f4xx_hal_gpio.c 0x00000000   Number         0  stm32f4xx_hal_gpio.o ABSOLUTE
    ../Drivers/STM32F4xx_HAL_Driver/Src/stm32f4xx_hal_pwr.c 0x00000000   Number         0  stm32f4xx_hal_pwr.o ABSOLUTE
    ../Drivers/STM32F4xx_HAL_Driver/Src/stm32f4xx_hal_pwr_ex.c 0x00000000   Number         0  stm32f4xx_hal_pwr_ex.o ABSOLUTE
    ../Drivers/STM32F4xx_HAL_Driver/Src/stm32f4xx_hal_rcc.c 0x00000000   Number         0  stm32f4xx_hal_rcc.o ABSOLUTE
    ../Drivers/STM32F4xx_HAL_Driver/Src/stm32f4xx_hal_rcc_ex.c 0x00000000   Number         0  stm32f4xx_hal_rcc_ex.o ABSOLUTE
    ../Drivers/STM32F4xx_HAL_Driver/Src/stm32f4xx_hal_spi.c 0x00000000   Number         0  stm32f4xx_hal_spi.o ABSOLUTE
    ../Drivers/STM32F4xx_HAL_Driver/Src/stm32f4xx_hal_tim.c 0x00000000   Number         0  stm32f4xx_hal_tim.o ABSOLUTE
    ../Drivers/STM32F4xx_HAL_Driver/Src/stm32f4xx_hal_tim_ex.c 0x00000000   Number         0  stm32f4xx_hal_tim_ex.o ABSOLUTE
    ../Drivers/STM32F4xx_HAL_Driver/Src/stm32f4xx_hal_uart.c 0x00000000   Number         0  stm32f4xx_hal_uart.o ABSOLUTE
    ../Middlewares/Third_Party/FatFs/src/diskio.c 0x00000000   Number         0  diskio.o ABSOLUTE
    ../Middlewares/Third_Party/FatFs/src/ff.c 0x00000000   Number         0  ff.o ABSOLUTE
    ../Middlewares/Third_Party/FatFs/src/ff_gen_drv.c 0x00000000   Number         0  ff_gen_drv.o ABSOLUTE
    ../Middlewares/Third_Party/FatFs/src/option/syscall.c 0x00000000   Number         0  syscall.o ABSOLUTE
    ../Src/fatfs.c                           0x00000000   Number         0  fatfs.o ABSOLUTE
    ../Src/main.c                            0x00000000   Number         0  main.o ABSOLUTE
    ../Src/stm32f4xx_hal_msp.c               0x00000000   Number         0  stm32f4xx_hal_msp.o ABSOLUTE
    ../Src/stm32f4xx_it.c                    0x00000000   Number         0  stm32f4xx_it.o ABSOLUTE
    ../Src/system_stm32f4xx.c                0x00000000   Number         0  system_stm32f4xx.o ABSOLUTE
    ../Src/user_diskio.c                     0x00000000   Number         0  user_diskio.o ABSOLUTE
    ../clib/microlib/division.c              0x00000000   Number         0  uldiv.o ABSOLUTE
    ../clib/microlib/init/entry.s            0x00000000   Number         0  entry9b.o ABSOLUTE
    ../clib/microlib/init/entry.s            0x00000000   Number         0  entry.o ABSOLUTE
    ../clib/microlib/init/entry.s            0x00000000   Number         0  entry11b.o ABSOLUTE
    ../clib/microlib/init/entry.s            0x00000000   Number         0  entry11a.o ABSOLUTE
    ../clib/microlib/init/entry.s            0x00000000   Number         0  entry10b.o ABSOLUTE
    ../clib/microlib/init/entry.s            0x00000000   Number         0  entry10a.o ABSOLUTE
    ../clib/microlib/init/entry.s            0x00000000   Number         0  entry9a.o ABSOLUTE
    ../clib/microlib/init/entry.s            0x00000000   Number         0  entry2.o ABSOLUTE
    ../clib/microlib/init/entry.s            0x00000000   Number         0  entry8b.o ABSOLUTE
    ../clib/microlib/init/entry.s            0x00000000   Number         0  entry8a.o ABSOLUTE
    ../clib/microlib/init/entry.s            0x00000000   Number         0  entry7b.o ABSOLUTE
    ../clib/microlib/init/entry.s            0x00000000   Number         0  entry7a.o ABSOLUTE
    ../clib/microlib/init/entry.s            0x00000000   Number         0  entry5.o ABSOLUTE
    ../clib/microlib/longlong.c              0x00000000   Number         0  llushr.o ABSOLUTE
    ../clib/microlib/longlong.c              0x00000000   Number         0  llshl.o ABSOLUTE
    ../clib/microlib/string/memcpy.c         0x00000000   Number         0  memcpya.o ABSOLUTE
    ../clib/microlib/string/memcpy.c         0x00000000   Number         0  memcpyb.o ABSOLUTE
    ../clib/microlib/string/memset.c         0x00000000   Number         0  memseta.o ABSOLUTE
    ..\Drivers\STM32F4xx_HAL_Driver\Src\stm32f4xx_hal.c 0x00000000   Number         0  stm32f4xx_hal.o ABSOLUTE
    ..\Drivers\STM32F4xx_HAL_Driver\Src\stm32f4xx_hal_cortex.c 0x00000000   Number         0  stm32f4xx_hal_cortex.o ABSOLUTE
    ..\Drivers\STM32F4xx_HAL_Driver\Src\stm32f4xx_hal_dma.c 0x00000000   Number         0  stm32f4xx_hal_dma.o ABSOLUTE
    ..\Drivers\STM32F4xx_HAL_Driver\Src\stm32f4xx_hal_dma_ex.c 0x00000000   Number         0  stm32f4xx_hal_dma_ex.o ABSOLUTE
    ..\Drivers\STM32F4xx_HAL_Driver\Src\stm32f4xx_hal_exti.c 0x00000000   Number         0  stm32f4xx_hal_exti.o ABSOLUTE
    ..\Drivers\STM32F4xx_HAL_Driver\Src\stm32f4xx_hal_flash.c 0x00000000   Number         0  stm32f4xx_hal_flash.o ABSOLUTE
    ..\Drivers\STM32F4xx_HAL_Driver\Src\stm32f4xx_hal_flash_ex.c 0x00000000   Number         0  stm32f4xx_hal_flash_ex.o ABSOLUTE
    ..\Drivers\STM32F4xx_HAL_Driver\Src\stm32f4xx_hal_flash_ramfunc.c 0x00000000   Number         0  stm32f4xx_hal_flash_ramfunc.o ABSOLUTE
    ..\Drivers\STM32F4xx_HAL_Driver\Src\stm32f4xx_hal_gpio.c 0x00000000   Number         0  stm32f4xx_hal_gpio.o ABSOLUTE
    ..\Drivers\STM32F4xx_HAL_Driver\Src\stm32f4xx_hal_pwr.c 0x00000000   Number         0  stm32f4xx_hal_pwr.o ABSOLUTE
    ..\Drivers\STM32F4xx_HAL_Driver\Src\stm32f4xx_hal_pwr_ex.c 0x00000000   Number         0  stm32f4xx_hal_pwr_ex.o ABSOLUTE
    ..\Drivers\STM32F4xx_HAL_Driver\Src\stm32f4xx_hal_rcc.c 0x00000000   Number         0  stm32f4xx_hal_rcc.o ABSOLUTE
    ..\Drivers\STM32F4xx_HAL_Driver\Src\stm32f4xx_hal_rcc_ex.c 0x00000000   Number         0  stm32f4xx_hal_rcc_ex.o ABSOLUTE
    ..\Drivers\STM32F4xx_HAL_Driver\Src\stm32f4xx_hal_spi.c 0x00000000   Number         0  stm32f4xx_hal_spi.o ABSOLUTE
    ..\Drivers\STM32F4xx_HAL_Driver\Src\stm32f4xx_hal_tim.c 0x00000000   Number         0  stm32f4xx_hal_tim.o ABSOLUTE
    ..\Drivers\STM32F4xx_HAL_Driver\Src\stm32f4xx_hal_tim_ex.c 0x00000000   Number         0  stm32f4xx_hal_tim_ex.o ABSOLUTE
    ..\Drivers\STM32F4xx_HAL_Driver\Src\stm32f4xx_hal_uart.c 0x00000000   Number         0  stm32f4xx_hal_uart.o ABSOLUTE
    ..\Middlewares\Third_Party\FatFs\src\diskio.c 0x00000000   Number         0  diskio.o ABSOLUTE
    ..\Middlewares\Third_Party\FatFs\src\ff.c 0x00000000   Number         0  ff.o ABSOLUTE
    ..\Middlewares\Third_Party\FatFs\src\ff_gen_drv.c 0x00000000   Number         0  ff_gen_drv.o ABSOLUTE
    ..\Middlewares\Third_Party\FatFs\src\option\syscall.c 0x00000000   Number         0  syscall.o ABSOLUTE
    ..\Src\fatfs.c                           0x00000000   Number         0  fatfs.o ABSOLUTE
    ..\Src\main.c                            0x00000000   Number         0  main.o ABSOLUTE
    ..\Src\sdcard.c                          0x00000000   Number         0  sdcard.o ABSOLUTE
    ..\Src\stm32f4xx_hal_msp.c               0x00000000   Number         0  stm32f4xx_hal_msp.o ABSOLUTE
    ..\Src\stm32f4xx_it.c                    0x00000000   Number         0  stm32f4xx_it.o ABSOLUTE
    ..\Src\system_stm32f4xx.c                0x00000000   Number         0  system_stm32f4xx.o ABSOLUTE
    ..\Src\user_diskio.c                     0x00000000   Number         0  user_diskio.o ABSOLUTE
    ..\Src\xprintf.c                         0x00000000   Number         0  xprintf.o ABSOLUTE
    ..\\Src\\sdcard.c                        0x00000000   Number         0  sdcard.o ABSOLUTE
    dc.s                                     0x00000000   Number         0  dc.o ABSOLUTE
    handlers.s                               0x00000000   Number         0  handlers.o ABSOLUTE
    init.s                                   0x00000000   Number         0  init.o ABSOLUTE
    startup_stm32f407xx.s                    0x00000000   Number         0  startup_stm32f407xx.o ABSOLUTE
    RESET                                    0x08000000   Section      392  startup_stm32f407xx.o(RESET)
    .ARM.Collect$$$$00000000                 0x08000188   Section        0  entry.o(.ARM.Collect$$$$00000000)
    .ARM.Collect$$$$00000001                 0x08000188   Section        4  entry2.o(.ARM.Collect$$$$00000001)
    .ARM.Collect$$$$00000004                 0x0800018c   Section        4  entry5.o(.ARM.Collect$$$$00000004)
    .ARM.Collect$$$$00000008                 0x08000190   Section        0  entry7b.o(.ARM.Collect$$$$00000008)
    .ARM.Collect$$$$0000000A                 0x08000190   Section        0  entry8b.o(.ARM.Collect$$$$0000000A)
    .ARM.Collect$$$$0000000B                 0x08000190   Section        8  entry9a.o(.ARM.Collect$$$$0000000B)
    .ARM.Collect$$$$0000000D                 0x08000198   Section        0  entry10a.o(.ARM.Collect$$$$0000000D)
    .ARM.Collect$$$$0000000F                 0x08000198   Section        0  entry11a.o(.ARM.Collect$$$$0000000F)
    .ARM.Collect$$$$00002712                 0x08000198   Section        4  entry2.o(.ARM.Collect$$$$00002712)
    __lit__00000000                          0x08000198   Data           4  entry2.o(.ARM.Collect$$$$00002712)
    .text                                    0x0800019c   Section       36  startup_stm32f407xx.o(.text)
    $v0                                      0x0800019c   Number         0  startup_stm32f407xx.o(.text)
    .text                                    0x080001c0   Section        0  uldiv.o(.text)
    .text                                    0x08000222   Section        0  memcpya.o(.text)
    .text                                    0x08000246   Section        0  memseta.o(.text)
    .text                                    0x0800026a   Section        0  llshl.o(.text)
    .text                                    0x08000288   Section        0  llushr.o(.text)
    .text                                    0x080002a8   Section       36  init.o(.text)
    i.BusFault_Handler                       0x080002cc   Section        0  stm32f4xx_it.o(i.BusFault_Handler)
    i.DMA1_Stream3_IRQHandler                0x080002d0   Section        0  stm32f4xx_it.o(i.DMA1_Stream3_IRQHandler)
    i.DMA1_Stream4_IRQHandler                0x08000350   Section        0  stm32f4xx_it.o(i.DMA1_Stream4_IRQHandler)
    i.DMA_CalcBaseAndBitshift                0x08000354   Section        0  stm32f4xx_hal_dma.o(i.DMA_CalcBaseAndBitshift)
    DMA_CalcBaseAndBitshift                  0x08000355   Thumb Code    34  stm32f4xx_hal_dma.o(i.DMA_CalcBaseAndBitshift)
    i.DMA_CheckFifoParam                     0x0800037c   Section        0  stm32f4xx_hal_dma.o(i.DMA_CheckFifoParam)
    DMA_CheckFifoParam                       0x0800037d   Thumb Code    84  stm32f4xx_hal_dma.o(i.DMA_CheckFifoParam)
    i.DebugMon_Handler                       0x080003d0   Section        0  stm32f4xx_it.o(i.DebugMon_Handler)
    i.Error_Handler                          0x080003d2   Section        0  main.o(i.Error_Handler)
    i.FATFS_LinkDriver                       0x080003d4   Section        0  ff_gen_drv.o(i.FATFS_LinkDriver)
    i.FATFS_LinkDriverEx                     0x080003dc   Section        0  ff_gen_drv.o(i.FATFS_LinkDriverEx)
    i.HAL_DMA_Init                           0x0800041c   Section        0  stm32f4xx_hal_dma.o(i.HAL_DMA_Init)
    i.HAL_Delay                              0x080004f0   Section        0  stm32f4xx_hal.o(i.HAL_Delay)
    i.HAL_GPIO_Init                          0x08000514   Section        0  stm32f4xx_hal_gpio.o(i.HAL_GPIO_Init)
    i.HAL_GPIO_TogglePin                     0x080006cc   Section        0  stm32f4xx_hal_gpio.o(i.HAL_GPIO_TogglePin)
    i.HAL_GPIO_WritePin                      0x080006da   Section        0  stm32f4xx_hal_gpio.o(i.HAL_GPIO_WritePin)
    i.HAL_GetTick                            0x080006e4   Section        0  stm32f4xx_hal.o(i.HAL_GetTick)
    i.HAL_IncTick                            0x080006f0   Section        0  stm32f4xx_hal.o(i.HAL_IncTick)
    i.HAL_Init                               0x08000700   Section        0  stm32f4xx_hal.o(i.HAL_Init)
    i.HAL_InitTick                           0x08000734   Section        0  stm32f4xx_hal.o(i.HAL_InitTick)
    i.HAL_MspInit                            0x08000774   Section        0  stm32f4xx_hal_msp.o(i.HAL_MspInit)
    i.HAL_NVIC_EnableIRQ                     0x080007a4   Section        0  stm32f4xx_hal_cortex.o(i.HAL_NVIC_EnableIRQ)
    i.HAL_NVIC_SetPriority                   0x080007c0   Section        0  stm32f4xx_hal_cortex.o(i.HAL_NVIC_SetPriority)
    i.HAL_NVIC_SetPriorityGrouping           0x08000800   Section        0  stm32f4xx_hal_cortex.o(i.HAL_NVIC_SetPriorityGrouping)
    i.HAL_RCC_ClockConfig                    0x08000824   Section        0  stm32f4xx_hal_rcc.o(i.HAL_RCC_ClockConfig)
    i.HAL_RCC_GetPCLK1Freq                   0x08000958   Section        0  stm32f4xx_hal_rcc.o(i.HAL_RCC_GetPCLK1Freq)
    i.HAL_RCC_GetPCLK2Freq                   0x08000978   Section        0  stm32f4xx_hal_rcc.o(i.HAL_RCC_GetPCLK2Freq)
    i.HAL_RCC_GetSysClockFreq                0x08000998   Section        0  stm32f4xx_hal_rcc.o(i.HAL_RCC_GetSysClockFreq)
    i.HAL_RCC_OscConfig                      0x080009f8   Section        0  stm32f4xx_hal_rcc.o(i.HAL_RCC_OscConfig)
    i.HAL_SPI_Init                           0x08000d54   Section        0  stm32f4xx_hal_spi.o(i.HAL_SPI_Init)
    i.HAL_SPI_MspInit                        0x08000dd4   Section        0  stm32f4xx_hal_msp.o(i.HAL_SPI_MspInit)
    i.HAL_SPI_Transmit                       0x08000ed0   Section        0  stm32f4xx_hal_spi.o(i.HAL_SPI_Transmit)
    i.HAL_SPI_TransmitReceive                0x0800102c   Section        0  stm32f4xx_hal_spi.o(i.HAL_SPI_TransmitReceive)
    i.HAL_SYSTICK_Config                     0x0800120e   Section        0  stm32f4xx_hal_cortex.o(i.HAL_SYSTICK_Config)
    i.HAL_TIMEx_BreakCallback                0x08001236   Section        0  stm32f4xx_hal_tim_ex.o(i.HAL_TIMEx_BreakCallback)
    i.HAL_TIMEx_CommutCallback               0x08001238   Section        0  stm32f4xx_hal_tim_ex.o(i.HAL_TIMEx_CommutCallback)
    i.HAL_TIMEx_MasterConfigSynchronization  0x0800123c   Section        0  stm32f4xx_hal_tim_ex.o(i.HAL_TIMEx_MasterConfigSynchronization)
    i.HAL_TIM_Base_Init                      0x080012cc   Section        0  stm32f4xx_hal_tim.o(i.HAL_TIM_Base_Init)
    i.HAL_TIM_Base_MspInit                   0x08001304   Section        0  stm32f4xx_hal_msp.o(i.HAL_TIM_Base_MspInit)
    i.HAL_TIM_Base_Start                     0x08001358   Section        0  stm32f4xx_hal_tim.o(i.HAL_TIM_Base_Start)
    i.HAL_TIM_ConfigClockSource              0x0800137c   Section        0  stm32f4xx_hal_tim.o(i.HAL_TIM_ConfigClockSource)
    i.HAL_TIM_IC_CaptureCallback             0x08001452   Section        0  stm32f4xx_hal_tim.o(i.HAL_TIM_IC_CaptureCallback)
    i.HAL_TIM_IRQHandler                     0x08001454   Section        0  stm32f4xx_hal_tim.o(i.HAL_TIM_IRQHandler)
    i.HAL_TIM_OC_DelayElapsedCallback        0x080015ba   Section        0  stm32f4xx_hal_tim.o(i.HAL_TIM_OC_DelayElapsedCallback)
    i.HAL_TIM_PWM_PulseFinishedCallback      0x080015bc   Section        0  stm32f4xx_hal_tim.o(i.HAL_TIM_PWM_PulseFinishedCallback)
    i.HAL_TIM_PeriodElapsedCallback          0x080015be   Section        0  stm32f4xx_hal_tim.o(i.HAL_TIM_PeriodElapsedCallback)
    i.HAL_TIM_TriggerCallback                0x080015c0   Section        0  stm32f4xx_hal_tim.o(i.HAL_TIM_TriggerCallback)
    i.HAL_UART_Init                          0x080015c2   Section        0  stm32f4xx_hal_uart.o(i.HAL_UART_Init)
    i.HAL_UART_MspInit                       0x08001624   Section        0  stm32f4xx_hal_msp.o(i.HAL_UART_MspInit)
    i.HAL_UART_Transmit                      0x080016b8   Section        0  stm32f4xx_hal_uart.o(i.HAL_UART_Transmit)
    i.HardFault_Handler                      0x08001772   Section        0  stm32f4xx_it.o(i.HardFault_Handler)
    i.MX_FATFS_Init                          0x08001774   Section        0  fatfs.o(i.MX_FATFS_Init)
    i.MX_GPIO_Init                           0x08001790   Section        0  main.o(i.MX_GPIO_Init)
    MX_GPIO_Init                             0x08001791   Thumb Code   250  main.o(i.MX_GPIO_Init)
    i.MX_SPI2_Init                           0x0800189c   Section        0  main.o(i.MX_SPI2_Init)
    MX_SPI2_Init                             0x0800189d   Thumb Code    46  main.o(i.MX_SPI2_Init)
    i.MX_TIM3_Init                           0x080018d4   Section        0  main.o(i.MX_TIM3_Init)
    MX_TIM3_Init                             0x080018d5   Thumb Code    74  main.o(i.MX_TIM3_Init)
    i.MemManage_Handler                      0x08001928   Section        0  stm32f4xx_it.o(i.MemManage_Handler)
    i.NMI_Handler                            0x0800192a   Section        0  stm32f4xx_it.o(i.NMI_Handler)
    i.PendSV_Handler                         0x0800192c   Section        0  stm32f4xx_it.o(i.PendSV_Handler)
    i.SDGetAnswer                            0x0800192e   Section        0  sdcard.o(i.SDGetAnswer)
    i.SDGetAnswerArr                         0x0800195e   Section        0  sdcard.o(i.SDGetAnswerArr)
    i.SDGetAnswerArrDMA                      0x08001992   Section        0  sdcard.o(i.SDGetAnswerArrDMA)
    i.SDInit                                 0x080019b0   Section        0  sdcard.o(i.SDInit)
    i.SDSelect                               0x0800287e   Section        0  sdcard.o(i.SDSelect)
    i.SDSendCmd                              0x0800288e   Section        0  sdcard.o(i.SDSendCmd)
    i.SDUnselect                             0x08002918   Section        0  sdcard.o(i.SDUnselect)
    i.SDWaitDataToken                        0x08002928   Section        0  sdcard.o(i.SDWaitDataToken)
    i.SDWaitNotBusy                          0x08002958   Section        0  sdcard.o(i.SDWaitNotBusy)
    i.SPI_EndRxTxTransaction                 0x080029f4   Section        0  stm32f4xx_hal_spi.o(i.SPI_EndRxTxTransaction)
    SPI_EndRxTxTransaction                   0x080029f5   Thumb Code    80  stm32f4xx_hal_spi.o(i.SPI_EndRxTxTransaction)
    i.SPI_WaitFlagStateUntilTimeout          0x08002a4c   Section        0  stm32f4xx_hal_spi.o(i.SPI_WaitFlagStateUntilTimeout)
    SPI_WaitFlagStateUntilTimeout            0x08002a4d   Thumb Code   148  stm32f4xx_hal_spi.o(i.SPI_WaitFlagStateUntilTimeout)
    i.SVC_Handler                            0x08002ae0   Section        0  stm32f4xx_it.o(i.SVC_Handler)
    i.SysTick_Handler                        0x08002ae4   Section        0  stm32f4xx_it.o(i.SysTick_Handler)
    i.SystemClock_Config                     0x08002b44   Section        0  main.o(i.SystemClock_Config)
    i.SystemInit                             0x08002bc8   Section        0  system_stm32f4xx.o(i.SystemInit)
    i.TIM6_DAC_IRQHandler                    0x08002be4   Section        0  stm32f4xx_it.o(i.TIM6_DAC_IRQHandler)
    i.TIM_Base_SetConfig                     0x08002bf0   Section        0  stm32f4xx_hal_tim.o(i.TIM_Base_SetConfig)
    i.TIM_ETR_SetConfig                      0x08002cb8   Section        0  stm32f4xx_hal_tim.o(i.TIM_ETR_SetConfig)
    i.TIM_ITRx_SetConfig                     0x08002ccc   Section        0  stm32f4xx_hal_tim.o(i.TIM_ITRx_SetConfig)
    TIM_ITRx_SetConfig                       0x08002ccd   Thumb Code    16  stm32f4xx_hal_tim.o(i.TIM_ITRx_SetConfig)
    i.TIM_TI1_ConfigInputStage               0x08002cdc   Section        0  stm32f4xx_hal_tim.o(i.TIM_TI1_ConfigInputStage)
    TIM_TI1_ConfigInputStage                 0x08002cdd   Thumb Code    34  stm32f4xx_hal_tim.o(i.TIM_TI1_ConfigInputStage)
    i.TIM_TI2_ConfigInputStage               0x08002cfe   Section        0  stm32f4xx_hal_tim.o(i.TIM_TI2_ConfigInputStage)
    TIM_TI2_ConfigInputStage                 0x08002cff   Thumb Code    36  stm32f4xx_hal_tim.o(i.TIM_TI2_ConfigInputStage)
    i.UART_SetConfig                         0x08002d24   Section        0  stm32f4xx_hal_uart.o(i.UART_SetConfig)
    UART_SetConfig                           0x08002d25   Thumb Code   286  stm32f4xx_hal_uart.o(i.UART_SetConfig)
    i.UART_WaitOnFlagUntilTimeout            0x08002e4c   Section        0  stm32f4xx_hal_uart.o(i.UART_WaitOnFlagUntilTimeout)
    UART_WaitOnFlagUntilTimeout              0x08002e4d   Thumb Code   100  stm32f4xx_hal_uart.o(i.UART_WaitOnFlagUntilTimeout)
    i.USER_initialize                        0x08002eb0   Section        0  user_diskio.o(i.USER_initialize)
    i.USER_ioctl                             0x08002edc   Section        0  user_diskio.o(i.USER_ioctl)
    i.USER_read                              0x08002f00   Section        0  user_diskio.o(i.USER_read)
    i.USER_status                            0x08002f4c   Section        0  user_diskio.o(i.USER_status)
    i.USER_write                             0x08002f5c   Section        0  user_diskio.o(i.USER_write)
    i.UsageFault_Handler                     0x08002f60   Section        0  stm32f4xx_it.o(i.UsageFault_Handler)
    i.__NVIC_SetPriority                     0x08002f62   Section        0  stm32f4xx_hal_cortex.o(i.__NVIC_SetPriority)
    __NVIC_SetPriority                       0x08002f63   Thumb Code    32  stm32f4xx_hal_cortex.o(i.__NVIC_SetPriority)
    i.__scatterload_copy                     0x08002f82   Section       14  handlers.o(i.__scatterload_copy)
    i.__scatterload_null                     0x08002f90   Section        2  handlers.o(i.__scatterload_null)
    i.__scatterload_zeroinit                 0x08002f92   Section       14  handlers.o(i.__scatterload_zeroinit)
    i.check_fs                               0x08002fa0   Section        0  ff.o(i.check_fs)
    check_fs                                 0x08002fa1   Thumb Code   102  ff.o(i.check_fs)
    i.clmt_clust                             0x08003010   Section        0  ff.o(i.clmt_clust)
    clmt_clust                               0x08003011   Thumb Code    36  ff.o(i.clmt_clust)
    i.clust2sect                             0x08003034   Section        0  ff.o(i.clust2sect)
    clust2sect                               0x08003035   Thumb Code    24  ff.o(i.clust2sect)
    i.create_name                            0x0800304c   Section        0  ff.o(i.create_name)
    create_name                              0x0800304d   Thumb Code   166  ff.o(i.create_name)
    i.dir_find                               0x08003108   Section        0  ff.o(i.dir_find)
    dir_find                                 0x08003109   Thumb Code   100  ff.o(i.dir_find)
    i.dir_next                               0x0800316c   Section        0  ff.o(i.dir_next)
    dir_next                                 0x0800316d   Thumb Code   136  ff.o(i.dir_next)
    i.dir_sdi                                0x080031f4   Section        0  ff.o(i.dir_sdi)
    dir_sdi                                  0x080031f5   Thumb Code   130  ff.o(i.dir_sdi)
    i.disk_initialize                        0x08003278   Section        0  diskio.o(i.disk_initialize)
    i.disk_read                              0x080032a0   Section        0  diskio.o(i.disk_read)
    i.disk_status                            0x080032bc   Section        0  diskio.o(i.disk_status)
    i.f_close                                0x080032d4   Section        0  ff.o(i.f_close)
    i.f_closedir                             0x080032e8   Section        0  ff.o(i.f_closedir)
    i.f_lseek                                0x080032fc   Section        0  ff.o(i.f_lseek)
    i.f_mount                                0x08003498   Section        0  ff.o(i.f_mount)
    i.f_open                                 0x080034e4   Section        0  ff.o(i.f_open)
    i.f_opendir                              0x08003560   Section        0  ff.o(i.f_opendir)
    i.f_read                                 0x080035c2   Section        0  ff.o(i.f_read)
    i.f_readdir                              0x080036ea   Section        0  ff.o(i.f_readdir)
    i.find_volume                            0x08003774   Section        0  ff.o(i.find_volume)
    find_volume                              0x08003775   Thumb Code   444  ff.o(i.find_volume)
    i.follow_path                            0x08003934   Section        0  ff.o(i.follow_path)
    follow_path                              0x08003935   Thumb Code   116  ff.o(i.follow_path)
    i.get_fat                                0x080039a8   Section        0  ff.o(i.get_fat)
    get_fat                                  0x080039a9   Thumb Code   190  ff.o(i.get_fat)
    i.get_fileinfo                           0x08003a66   Section        0  ff.o(i.get_fileinfo)
    get_fileinfo                             0x08003a67   Thumb Code    98  ff.o(i.get_fileinfo)
    i.get_ldnumber                           0x08003ac8   Section        0  ff.o(i.get_ldnumber)
    get_ldnumber                             0x08003ac9   Thumb Code    60  ff.o(i.get_ldnumber)
    i.ld_clust                               0x08003b04   Section        0  ff.o(i.ld_clust)
    ld_clust                                 0x08003b05   Thumb Code    38  ff.o(i.ld_clust)
    i.ld_dword                               0x08003b2a   Section        0  ff.o(i.ld_dword)
    ld_dword                                 0x08003b2b   Thumb Code    22  ff.o(i.ld_dword)
    i.ld_word                                0x08003b40   Section        0  ff.o(i.ld_word)
    ld_word                                  0x08003b41   Thumb Code    10  ff.o(i.ld_word)
    i.main                                   0x08003b4c   Section        0  main.o(i.main)
    i.makeSPIDMARequest                      0x08003e84   Section        0  sdcard.o(i.makeSPIDMARequest)
    i.move_window                            0x08003f84   Section        0  ff.o(i.move_window)
    move_window                              0x08003f85   Thumb Code    40  ff.o(i.move_window)
    i.processResult                          0x08003fac   Section        0  sdcard.o(i.processResult)
    i.processTimedEvents                     0x0800411c   Section        0  main.o(i.processTimedEvents)
    i.readMultipleBlocksDMA                  0x0800412c   Section        0  sdcard.o(i.readMultipleBlocksDMA)
    i.readSingleBlockDMA                     0x080046d8   Section        0  sdcard.o(i.readSingleBlockDMA)
    i.uart3_putc                             0x08004950   Section        0  main.o(i.uart3_putc)
    i.validate                               0x08004964   Section        0  ff.o(i.validate)
    validate                                 0x08004965   Thumb Code    52  ff.o(i.validate)
    i.xprintf                                0x08004998   Section        0  xprintf.o(i.xprintf)
    i.xputc                                  0x080049ac   Section        0  xprintf.o(i.xputc)
    i.xputs                                  0x080049dc   Section        0  xprintf.o(i.xputs)
    i.xvprintf                               0x080049f0   Section        0  xprintf.o(i.xvprintf)
    xvprintf                                 0x080049f1   Thumb Code   422  xprintf.o(i.xvprintf)
    .constdata                               0x08004b96   Section        8  stm32f4xx_hal_dma.o(.constdata)
    flagBitshiftOffset                       0x08004b96   Data           8  stm32f4xx_hal_dma.o(.constdata)
    .constdata                               0x08004b9e   Section       16  system_stm32f4xx.o(.constdata)
    .constdata                               0x08004bae   Section        8  system_stm32f4xx.o(.constdata)
    .constdata                               0x08004bb6   Section      128  ff.o(.constdata)
    ExCvt                                    0x08004bb6   Data         128  ff.o(.constdata)
    .data                                    0x10000000   Section        8  main.o(.data)
    .data                                    0x10000008   Section        1  user_diskio.o(.data)
    Stat                                     0x10000008   Data           1  user_diskio.o(.data)
    .data                                    0x1000000c   Section       20  user_diskio.o(.data)
    .data                                    0x10000020   Section       12  stm32f4xx_hal.o(.data)
    .data                                    0x1000002c   Section        4  system_stm32f4xx.o(.data)
    .data                                    0x10000030   Section        8  ff.o(.data)
    Fsid                                     0x10000030   Data           2  ff.o(.data)
    FatFs                                    0x10000034   Data           4  ff.o(.data)
    .bss                                     0x10000038   Section       96  main.o(.bss)
    .data                                    0x20000000   Section        2  sdcard.o(.data)
    _filler                                  0x20000001   Data           1  sdcard.o(.data)
    .data                                    0x20000004   Section       12  xprintf.o(.data)
    outptr                                   0x20000008   Data           4  xprintf.o(.data)
    .data                                    0x20000010   Section        6  main.o(.data)
    .data                                    0x20000016   Section        5  fatfs.o(.data)
    .bss                                     0x2000001c   Section    61041  main.o(.bss)
    .bss                                     0x2000ee90   Section       12  ff_gen_drv.o(.bss)
    STACK                                    0x2000eea0   Section     4608  startup_stm32f407xx.o(STACK)

    Global Symbols

    Symbol Name                              Value     Ov Type        Size  Object(Section)

    BuildAttributes$$THM_ISAv4$E$P$D$K$B$S$7EM$VFPi3$EXTD16$VFPS$VFMA$PE$A:L22UL41UL21$X:L11$S22US41US21$IEEE1$IW$USESV6$~STKCKD$USESV7$~SHL$OSPACE$EBA8$MICROLIB$REQ8$PRES8$EABIv2 0x00000000   Number         0  anon$$obj.o ABSOLUTE
    __ARM_use_no_argv                        0x00000000   Number         0  main.o ABSOLUTE
    __cpp_initialize__aeabi_                  - Undefined Weak Reference
    __cxa_finalize                            - Undefined Weak Reference
    __decompress                              - Undefined Weak Reference
    _clock_init                               - Undefined Weak Reference
    _microlib_exit                            - Undefined Weak Reference
    __Vectors_Size                           0x00000188   Number         0  startup_stm32f407xx.o ABSOLUTE
    __Vectors                                0x08000000   Data           4  startup_stm32f407xx.o(RESET)
    __Vectors_End                            0x08000188   Data           0  startup_stm32f407xx.o(RESET)
    __main                                   0x08000189   Thumb Code     0  entry.o(.ARM.Collect$$$$00000000)
    _main_stk                                0x08000189   Thumb Code     0  entry2.o(.ARM.Collect$$$$00000001)
    _main_scatterload                        0x0800018d   Thumb Code     0  entry5.o(.ARM.Collect$$$$00000004)
    __main_after_scatterload                 0x08000191   Thumb Code     0  entry5.o(.ARM.Collect$$$$00000004)
    _main_clock                              0x08000191   Thumb Code     0  entry7b.o(.ARM.Collect$$$$00000008)
    _main_cpp_init                           0x08000191   Thumb Code     0  entry8b.o(.ARM.Collect$$$$0000000A)
    _main_init                               0x08000191   Thumb Code     0  entry9a.o(.ARM.Collect$$$$0000000B)
    __rt_final_cpp                           0x08000199   Thumb Code     0  entry10a.o(.ARM.Collect$$$$0000000D)
    __rt_final_exit                          0x08000199   Thumb Code     0  entry11a.o(.ARM.Collect$$$$0000000F)
    Reset_Handler                            0x0800019d   Thumb Code     8  startup_stm32f407xx.o(.text)
    ADC_IRQHandler                           0x080001b7   Thumb Code     0  startup_stm32f407xx.o(.text)
    CAN1_RX0_IRQHandler                      0x080001b7   Thumb Code     0  startup_stm32f407xx.o(.text)
    CAN1_RX1_IRQHandler                      0x080001b7   Thumb Code     0  startup_stm32f407xx.o(.text)
    CAN1_SCE_IRQHandler                      0x080001b7   Thumb Code     0  startup_stm32f407xx.o(.text)
    CAN1_TX_IRQHandler                       0x080001b7   Thumb Code     0  startup_stm32f407xx.o(.text)
    CAN2_RX0_IRQHandler                      0x080001b7   Thumb Code     0  startup_stm32f407xx.o(.text)
    CAN2_RX1_IRQHandler                      0x080001b7   Thumb Code     0  startup_stm32f407xx.o(.text)
    CAN2_SCE_IRQHandler                      0x080001b7   Thumb Code     0  startup_stm32f407xx.o(.text)
    CAN2_TX_IRQHandler                       0x080001b7   Thumb Code     0  startup_stm32f407xx.o(.text)
    DCMI_IRQHandler                          0x080001b7   Thumb Code     0  startup_stm32f407xx.o(.text)
    DMA1_Stream0_IRQHandler                  0x080001b7   Thumb Code     0  startup_stm32f407xx.o(.text)
    DMA1_Stream1_IRQHandler                  0x080001b7   Thumb Code     0  startup_stm32f407xx.o(.text)
    DMA1_Stream2_IRQHandler                  0x080001b7   Thumb Code     0  startup_stm32f407xx.o(.text)
    DMA1_Stream5_IRQHandler                  0x080001b7   Thumb Code     0  startup_stm32f407xx.o(.text)
    DMA1_Stream6_IRQHandler                  0x080001b7   Thumb Code     0  startup_stm32f407xx.o(.text)
    DMA1_Stream7_IRQHandler                  0x080001b7   Thumb Code     0  startup_stm32f407xx.o(.text)
    DMA2_Stream0_IRQHandler                  0x080001b7   Thumb Code     0  startup_stm32f407xx.o(.text)
    DMA2_Stream1_IRQHandler                  0x080001b7   Thumb Code     0  startup_stm32f407xx.o(.text)
    DMA2_Stream2_IRQHandler                  0x080001b7   Thumb Code     0  startup_stm32f407xx.o(.text)
    DMA2_Stream3_IRQHandler                  0x080001b7   Thumb Code     0  startup_stm32f407xx.o(.text)
    DMA2_Stream4_IRQHandler                  0x080001b7   Thumb Code     0  startup_stm32f407xx.o(.text)
    DMA2_Stream5_IRQHandler                  0x080001b7   Thumb Code     0  startup_stm32f407xx.o(.text)
    DMA2_Stream6_IRQHandler                  0x080001b7   Thumb Code     0  startup_stm32f407xx.o(.text)
    DMA2_Stream7_IRQHandler                  0x080001b7   Thumb Code     0  startup_stm32f407xx.o(.text)
    ETH_IRQHandler                           0x080001b7   Thumb Code     0  startup_stm32f407xx.o(.text)
    ETH_WKUP_IRQHandler                      0x080001b7   Thumb Code     0  startup_stm32f407xx.o(.text)
    EXTI0_IRQHandler                         0x080001b7   Thumb Code     0  startup_stm32f407xx.o(.text)
    EXTI15_10_IRQHandler                     0x080001b7   Thumb Code     0  startup_stm32f407xx.o(.text)
    EXTI1_IRQHandler                         0x080001b7   Thumb Code     0  startup_stm32f407xx.o(.text)
    EXTI2_IRQHandler                         0x080001b7   Thumb Code     0  startup_stm32f407xx.o(.text)
    EXTI3_IRQHandler                         0x080001b7   Thumb Code     0  startup_stm32f407xx.o(.text)
    EXTI4_IRQHandler                         0x080001b7   Thumb Code     0  startup_stm32f407xx.o(.text)
    EXTI9_5_IRQHandler                       0x080001b7   Thumb Code     0  startup_stm32f407xx.o(.text)
    FLASH_IRQHandler                         0x080001b7   Thumb Code     0  startup_stm32f407xx.o(.text)
    FMC_IRQHandler                           0x080001b7   Thumb Code     0  startup_stm32f407xx.o(.text)
    FPU_IRQHandler                           0x080001b7   Thumb Code     0  startup_stm32f407xx.o(.text)
    HASH_RNG_IRQHandler                      0x080001b7   Thumb Code     0  startup_stm32f407xx.o(.text)
    I2C1_ER_IRQHandler                       0x080001b7   Thumb Code     0  startup_stm32f407xx.o(.text)
    I2C1_EV_IRQHandler                       0x080001b7   Thumb Code     0  startup_stm32f407xx.o(.text)
    I2C2_ER_IRQHandler                       0x080001b7   Thumb Code     0  startup_stm32f407xx.o(.text)
    I2C2_EV_IRQHandler                       0x080001b7   Thumb Code     0  startup_stm32f407xx.o(.text)
    I2C3_ER_IRQHandler                       0x080001b7   Thumb Code     0  startup_stm32f407xx.o(.text)
    I2C3_EV_IRQHandler                       0x080001b7   Thumb Code     0  startup_stm32f407xx.o(.text)
    OTG_FS_IRQHandler                        0x080001b7   Thumb Code     0  startup_stm32f407xx.o(.text)
    OTG_FS_WKUP_IRQHandler                   0x080001b7   Thumb Code     0  startup_stm32f407xx.o(.text)
    OTG_HS_EP1_IN_IRQHandler                 0x080001b7   Thumb Code     0  startup_stm32f407xx.o(.text)
    OTG_HS_EP1_OUT_IRQHandler                0x080001b7   Thumb Code     0  startup_stm32f407xx.o(.text)
    OTG_HS_IRQHandler                        0x080001b7   Thumb Code     0  startup_stm32f407xx.o(.text)
    OTG_HS_WKUP_IRQHandler                   0x080001b7   Thumb Code     0  startup_stm32f407xx.o(.text)
    PVD_IRQHandler                           0x080001b7   Thumb Code     0  startup_stm32f407xx.o(.text)
    RCC_IRQHandler                           0x080001b7   Thumb Code     0  startup_stm32f407xx.o(.text)
    RTC_Alarm_IRQHandler                     0x080001b7   Thumb Code     0  startup_stm32f407xx.o(.text)
    RTC_WKUP_IRQHandler                      0x080001b7   Thumb Code     0  startup_stm32f407xx.o(.text)
    SDIO_IRQHandler                          0x080001b7   Thumb Code     0  startup_stm32f407xx.o(.text)
    SPI1_IRQHandler                          0x080001b7   Thumb Code     0  startup_stm32f407xx.o(.text)
    SPI2_IRQHandler                          0x080001b7   Thumb Code     0  startup_stm32f407xx.o(.text)
    SPI3_IRQHandler                          0x080001b7   Thumb Code     0  startup_stm32f407xx.o(.text)
    TAMP_STAMP_IRQHandler                    0x080001b7   Thumb Code     0  startup_stm32f407xx.o(.text)
    TIM1_BRK_TIM9_IRQHandler                 0x080001b7   Thumb Code     0  startup_stm32f407xx.o(.text)
    TIM1_CC_IRQHandler                       0x080001b7   Thumb Code     0  startup_stm32f407xx.o(.text)
    TIM1_TRG_COM_TIM11_IRQHandler            0x080001b7   Thumb Code     0  startup_stm32f407xx.o(.text)
    TIM1_UP_TIM10_IRQHandler                 0x080001b7   Thumb Code     0  startup_stm32f407xx.o(.text)
    TIM2_IRQHandler                          0x080001b7   Thumb Code     0  startup_stm32f407xx.o(.text)
    TIM3_IRQHandler                          0x080001b7   Thumb Code     0  startup_stm32f407xx.o(.text)
    TIM4_IRQHandler                          0x080001b7   Thumb Code     0  startup_stm32f407xx.o(.text)
    TIM5_IRQHandler                          0x080001b7   Thumb Code     0  startup_stm32f407xx.o(.text)
    TIM7_IRQHandler                          0x080001b7   Thumb Code     0  startup_stm32f407xx.o(.text)
    TIM8_BRK_TIM12_IRQHandler                0x080001b7   Thumb Code     0  startup_stm32f407xx.o(.text)
    TIM8_CC_IRQHandler                       0x080001b7   Thumb Code     0  startup_stm32f407xx.o(.text)
    TIM8_TRG_COM_TIM14_IRQHandler            0x080001b7   Thumb Code     0  startup_stm32f407xx.o(.text)
    TIM8_UP_TIM13_IRQHandler                 0x080001b7   Thumb Code     0  startup_stm32f407xx.o(.text)
    UART4_IRQHandler                         0x080001b7   Thumb Code     0  startup_stm32f407xx.o(.text)
    UART5_IRQHandler                         0x080001b7   Thumb Code     0  startup_stm32f407xx.o(.text)
    USART1_IRQHandler                        0x080001b7   Thumb Code     0  startup_stm32f407xx.o(.text)
    USART2_IRQHandler                        0x080001b7   Thumb Code     0  startup_stm32f407xx.o(.text)
    USART3_IRQHandler                        0x080001b7   Thumb Code     0  startup_stm32f407xx.o(.text)
    USART6_IRQHandler                        0x080001b7   Thumb Code     0  startup_stm32f407xx.o(.text)
    WWDG_IRQHandler                          0x080001b7   Thumb Code     0  startup_stm32f407xx.o(.text)
    __aeabi_uldivmod                         0x080001c1   Thumb Code    98  uldiv.o(.text)
    __aeabi_memcpy                           0x08000223   Thumb Code    36  memcpya.o(.text)
    __aeabi_memcpy4                          0x08000223   Thumb Code     0  memcpya.o(.text)
    __aeabi_memcpy8                          0x08000223   Thumb Code     0  memcpya.o(.text)
    __aeabi_memset                           0x08000247   Thumb Code    14  memseta.o(.text)
    __aeabi_memset4                          0x08000247   Thumb Code     0  memseta.o(.text)
    __aeabi_memset8                          0x08000247   Thumb Code     0  memseta.o(.text)
    __aeabi_memclr                           0x08000255   Thumb Code     4  memseta.o(.text)
    __aeabi_memclr4                          0x08000255   Thumb Code     0  memseta.o(.text)
    __aeabi_memclr8                          0x08000255   Thumb Code     0  memseta.o(.text)
    _memset$wrapper                          0x08000259   Thumb Code    18  memseta.o(.text)
    __aeabi_llsl                             0x0800026b   Thumb Code    30  llshl.o(.text)
    _ll_shift_l                              0x0800026b   Thumb Code     0  llshl.o(.text)
    __aeabi_llsr                             0x08000289   Thumb Code    32  llushr.o(.text)
    _ll_ushift_r                             0x08000289   Thumb Code     0  llushr.o(.text)
    __scatterload                            0x080002a9   Thumb Code    28  init.o(.text)
    __scatterload_rt2                        0x080002a9   Thumb Code     0  init.o(.text)
    BusFault_Handler                         0x080002cd   Thumb Code     2  stm32f4xx_it.o(i.BusFault_Handler)
    DMA1_Stream3_IRQHandler                  0x080002d1   Thumb Code   104  stm32f4xx_it.o(i.DMA1_Stream3_IRQHandler)
    DMA1_Stream4_IRQHandler                  0x08000351   Thumb Code     2  stm32f4xx_it.o(i.DMA1_Stream4_IRQHandler)
    DebugMon_Handler                         0x080003d1   Thumb Code     2  stm32f4xx_it.o(i.DebugMon_Handler)
    Error_Handler                            0x080003d3   Thumb Code     2  main.o(i.Error_Handler)
    FATFS_LinkDriver                         0x080003d5   Thumb Code     6  ff_gen_drv.o(i.FATFS_LinkDriver)
    FATFS_LinkDriverEx                       0x080003dd   Thumb Code    58  ff_gen_drv.o(i.FATFS_LinkDriverEx)
    HAL_DMA_Init                             0x0800041d   Thumb Code   206  stm32f4xx_hal_dma.o(i.HAL_DMA_Init)
    HAL_Delay                                0x080004f1   Thumb Code    32  stm32f4xx_hal.o(i.HAL_Delay)
    HAL_GPIO_Init                            0x08000515   Thumb Code   394  stm32f4xx_hal_gpio.o(i.HAL_GPIO_Init)
    HAL_GPIO_TogglePin                       0x080006cd   Thumb Code    14  stm32f4xx_hal_gpio.o(i.HAL_GPIO_TogglePin)
    HAL_GPIO_WritePin                        0x080006db   Thumb Code    10  stm32f4xx_hal_gpio.o(i.HAL_GPIO_WritePin)
    HAL_GetTick                              0x080006e5   Thumb Code     6  stm32f4xx_hal.o(i.HAL_GetTick)
    HAL_IncTick                              0x080006f1   Thumb Code    12  stm32f4xx_hal.o(i.HAL_IncTick)
    HAL_Init                                 0x08000701   Thumb Code    48  stm32f4xx_hal.o(i.HAL_Init)
    HAL_InitTick                             0x08000735   Thumb Code    54  stm32f4xx_hal.o(i.HAL_InitTick)
    HAL_MspInit                              0x08000775   Thumb Code    42  stm32f4xx_hal_msp.o(i.HAL_MspInit)
    HAL_NVIC_EnableIRQ                       0x080007a5   Thumb Code    26  stm32f4xx_hal_cortex.o(i.HAL_NVIC_EnableIRQ)
    HAL_NVIC_SetPriority                     0x080007c1   Thumb Code    60  stm32f4xx_hal_cortex.o(i.HAL_NVIC_SetPriority)
    HAL_NVIC_SetPriorityGrouping             0x08000801   Thumb Code    26  stm32f4xx_hal_cortex.o(i.HAL_NVIC_SetPriorityGrouping)
    HAL_RCC_ClockConfig                      0x08000825   Thumb Code   288  stm32f4xx_hal_rcc.o(i.HAL_RCC_ClockConfig)
    HAL_RCC_GetPCLK1Freq                     0x08000959   Thumb Code    20  stm32f4xx_hal_rcc.o(i.HAL_RCC_GetPCLK1Freq)
    HAL_RCC_GetPCLK2Freq                     0x08000979   Thumb Code    20  stm32f4xx_hal_rcc.o(i.HAL_RCC_GetPCLK2Freq)
    HAL_RCC_GetSysClockFreq                  0x08000999   Thumb Code    88  stm32f4xx_hal_rcc.o(i.HAL_RCC_GetSysClockFreq)
    HAL_RCC_OscConfig                        0x080009f9   Thumb Code   840  stm32f4xx_hal_rcc.o(i.HAL_RCC_OscConfig)
    HAL_SPI_Init                             0x08000d55   Thumb Code   128  stm32f4xx_hal_spi.o(i.HAL_SPI_Init)
    HAL_SPI_MspInit                          0x08000dd5   Thumb Code   224  stm32f4xx_hal_msp.o(i.HAL_SPI_MspInit)
    HAL_SPI_Transmit                         0x08000ed1   Thumb Code   348  stm32f4xx_hal_spi.o(i.HAL_SPI_Transmit)
    HAL_SPI_TransmitReceive                  0x0800102d   Thumb Code   482  stm32f4xx_hal_spi.o(i.HAL_SPI_TransmitReceive)
    HAL_SYSTICK_Config                       0x0800120f   Thumb Code    40  stm32f4xx_hal_cortex.o(i.HAL_SYSTICK_Config)
    HAL_TIMEx_BreakCallback                  0x08001237   Thumb Code     2  stm32f4xx_hal_tim_ex.o(i.HAL_TIMEx_BreakCallback)
    HAL_TIMEx_CommutCallback                 0x08001239   Thumb Code     2  stm32f4xx_hal_tim_ex.o(i.HAL_TIMEx_CommutCallback)
    HAL_TIMEx_MasterConfigSynchronization    0x0800123d   Thumb Code   116  stm32f4xx_hal_tim_ex.o(i.HAL_TIMEx_MasterConfigSynchronization)
    HAL_TIM_Base_Init                        0x080012cd   Thumb Code    54  stm32f4xx_hal_tim.o(i.HAL_TIM_Base_Init)
    HAL_TIM_Base_MspInit                     0x08001305   Thumb Code    72  stm32f4xx_hal_msp.o(i.HAL_TIM_Base_MspInit)
    HAL_TIM_Base_Start                       0x08001359   Thumb Code    36  stm32f4xx_hal_tim.o(i.HAL_TIM_Base_Start)
    HAL_TIM_ConfigClockSource                0x0800137d   Thumb Code   214  stm32f4xx_hal_tim.o(i.HAL_TIM_ConfigClockSource)
    HAL_TIM_IC_CaptureCallback               0x08001453   Thumb Code     2  stm32f4xx_hal_tim.o(i.HAL_TIM_IC_CaptureCallback)
    HAL_TIM_IRQHandler                       0x08001455   Thumb Code   358  stm32f4xx_hal_tim.o(i.HAL_TIM_IRQHandler)
    HAL_TIM_OC_DelayElapsedCallback          0x080015bb   Thumb Code     2  stm32f4xx_hal_tim.o(i.HAL_TIM_OC_DelayElapsedCallback)
    HAL_TIM_PWM_PulseFinishedCallback        0x080015bd   Thumb Code     2  stm32f4xx_hal_tim.o(i.HAL_TIM_PWM_PulseFinishedCallback)
    HAL_TIM_PeriodElapsedCallback            0x080015bf   Thumb Code     2  stm32f4xx_hal_tim.o(i.HAL_TIM_PeriodElapsedCallback)
    HAL_TIM_TriggerCallback                  0x080015c1   Thumb Code     2  stm32f4xx_hal_tim.o(i.HAL_TIM_TriggerCallback)
    HAL_UART_Init                            0x080015c3   Thumb Code    98  stm32f4xx_hal_uart.o(i.HAL_UART_Init)
    HAL_UART_MspInit                         0x08001625   Thumb Code   130  stm32f4xx_hal_msp.o(i.HAL_UART_MspInit)
    HAL_UART_Transmit                        0x080016b9   Thumb Code   186  stm32f4xx_hal_uart.o(i.HAL_UART_Transmit)
    HardFault_Handler                        0x08001773   Thumb Code     2  stm32f4xx_it.o(i.HardFault_Handler)
    MX_FATFS_Init                            0x08001775   Thumb Code    18  fatfs.o(i.MX_FATFS_Init)
    MemManage_Handler                        0x08001929   Thumb Code     2  stm32f4xx_it.o(i.MemManage_Handler)
    NMI_Handler                              0x0800192b   Thumb Code     2  stm32f4xx_it.o(i.NMI_Handler)
    PendSV_Handler                           0x0800192d   Thumb Code     2  stm32f4xx_it.o(i.PendSV_Handler)
    SDGetAnswer                              0x0800192f   Thumb Code    48  sdcard.o(i.SDGetAnswer)
    SDGetAnswerArr                           0x0800195f   Thumb Code    52  sdcard.o(i.SDGetAnswerArr)
    SDGetAnswerArrDMA                        0x08001993   Thumb Code    30  sdcard.o(i.SDGetAnswerArrDMA)
    SDInit                                   0x080019b1   Thumb Code  3790  sdcard.o(i.SDInit)
    SDSelect                                 0x0800287f   Thumb Code    16  sdcard.o(i.SDSelect)
    SDSendCmd                                0x0800288f   Thumb Code   138  sdcard.o(i.SDSendCmd)
    SDUnselect                               0x08002919   Thumb Code    16  sdcard.o(i.SDUnselect)
    SDWaitDataToken                          0x08002929   Thumb Code    48  sdcard.o(i.SDWaitDataToken)
    SDWaitNotBusy                            0x08002959   Thumb Code   156  sdcard.o(i.SDWaitNotBusy)
    SVC_Handler                              0x08002ae1   Thumb Code     2  stm32f4xx_it.o(i.SVC_Handler)
    SysTick_Handler                          0x08002ae5   Thumb Code    88  stm32f4xx_it.o(i.SysTick_Handler)
    SystemClock_Config                       0x08002b45   Thumb Code   122  main.o(i.SystemClock_Config)
    SystemInit                               0x08002bc9   Thumb Code    22  system_stm32f4xx.o(i.SystemInit)
    TIM6_DAC_IRQHandler                      0x08002be5   Thumb Code     6  stm32f4xx_it.o(i.TIM6_DAC_IRQHandler)
    TIM_Base_SetConfig                       0x08002bf1   Thumb Code   156  stm32f4xx_hal_tim.o(i.TIM_Base_SetConfig)
    TIM_ETR_SetConfig                        0x08002cb9   Thumb Code    20  stm32f4xx_hal_tim.o(i.TIM_ETR_SetConfig)
    USER_initialize                          0x08002eb1   Thumb Code    34  user_diskio.o(i.USER_initialize)
    USER_ioctl                               0x08002edd   Thumb Code    32  user_diskio.o(i.USER_ioctl)
    USER_read                                0x08002f01   Thumb Code    66  user_diskio.o(i.USER_read)
    USER_status                              0x08002f4d   Thumb Code    12  user_diskio.o(i.USER_status)
    USER_write                               0x08002f5d   Thumb Code     4  user_diskio.o(i.USER_write)
    UsageFault_Handler                       0x08002f61   Thumb Code     2  stm32f4xx_it.o(i.UsageFault_Handler)
    __scatterload_copy                       0x08002f83   Thumb Code    14  handlers.o(i.__scatterload_copy)
    __scatterload_null                       0x08002f91   Thumb Code     2  handlers.o(i.__scatterload_null)
    __scatterload_zeroinit                   0x08002f93   Thumb Code    14  handlers.o(i.__scatterload_zeroinit)
    disk_initialize                          0x08003279   Thumb Code    36  diskio.o(i.disk_initialize)
    disk_read                                0x080032a1   Thumb Code    24  diskio.o(i.disk_read)
    disk_status                              0x080032bd   Thumb Code    18  diskio.o(i.disk_status)
    f_close                                  0x080032d5   Thumb Code    20  ff.o(i.f_close)
    f_closedir                               0x080032e9   Thumb Code    20  ff.o(i.f_closedir)
    f_lseek                                  0x080032fd   Thumb Code   412  ff.o(i.f_lseek)
    f_mount                                  0x08003499   Thumb Code    72  ff.o(i.f_mount)
    f_open                                   0x080034e5   Thumb Code   124  ff.o(i.f_open)
    f_opendir                                0x08003561   Thumb Code    98  ff.o(i.f_opendir)
    f_read                                   0x080035c3   Thumb Code   296  ff.o(i.f_read)
    f_readdir                                0x080036eb   Thumb Code   138  ff.o(i.f_readdir)
    main                                     0x08003b4d   Thumb Code   570  main.o(i.main)
    makeSPIDMARequest                        0x08003e85   Thumb Code   226  sdcard.o(i.makeSPIDMARequest)
    processResult                            0x08003fad   Thumb Code   366  sdcard.o(i.processResult)
    processTimedEvents                       0x0800411d   Thumb Code    12  main.o(i.processTimedEvents)
    readMultipleBlocksDMA                    0x0800412d   Thumb Code  1446  sdcard.o(i.readMultipleBlocksDMA)
    readSingleBlockDMA                       0x080046d9   Thumb Code   632  sdcard.o(i.readSingleBlockDMA)
    uart3_putc                               0x08004951   Thumb Code    16  main.o(i.uart3_putc)
    xprintf                                  0x08004999   Thumb Code    18  xprintf.o(i.xprintf)
    xputc                                    0x080049ad   Thumb Code    42  xprintf.o(i.xputc)
    xputs                                    0x080049dd   Thumb Code    20  xprintf.o(i.xputs)
    AHBPrescTable                            0x08004b9e   Data          16  system_stm32f4xx.o(.constdata)
    APBPrescTable                            0x08004bae   Data           8  system_stm32f4xx.o(.constdata)
    Region$$Table$$Base                      0x08004c38   Number         0  anon$$obj.o(Region$$Table)
    Region$$Table$$Limit                     0x08004c78   Number         0  anon$$obj.o(Region$$Table)
    timeCounterFlag                          0x10000000   Data           1  main.o(.data)
    flagBlinkLed                             0x10000001   Data           1  main.o(.data)
    bytesread                                0x10000004   Data           4  main.o(.data)
    USER_Driver                              0x1000000c   Data          20  user_diskio.o(.data)
    uwTickFreq                               0x10000020   Data           1  stm32f4xx_hal.o(.data)
    uwTickPrio                               0x10000024   Data           4  stm32f4xx_hal.o(.data)
    uwTick                                   0x10000028   Data           4  stm32f4xx_hal.o(.data)
    SystemCoreClock                          0x1000002c   Data           4  system_stm32f4xx.o(.data)
    hdma_spi2_rx                             0x10000038   Data          96  main.o(.bss)
    testflag                                 0x20000000   Data           1  sdcard.o(.data)
    xfunc_out                                0x20000004   Data           4  xprintf.o(.data)
    xfunc_in                                 0x2000000c   Data           4  xprintf.o(.data)
    timeCounters                             0x20000010   Data           6  main.o(.data)
    retUSER                                  0x20000016   Data           1  fatfs.o(.data)
    USERPath                                 0x20000017   Data           4  fatfs.o(.data)
    hspi2                                    0x2000001c   Data          88  main.o(.bss)
    hdma_spi2_tx                             0x20000074   Data          96  main.o(.bss)
    htim3                                    0x200000d4   Data          64  main.o(.bss)
    htim6                                    0x20000114   Data          64  main.o(.bss)
    huart3                                   0x20000154   Data          64  main.o(.bss)
    sd1                                      0x20000194   Data         108  main.o(.bss)
    SDFatFs                                  0x20000200   Data         552  main.o(.bss)
    data_buff                                0x20000428   Data       60005  main.o(.bss)
    disk                                     0x2000ee90   Data          12  ff_gen_drv.o(.bss)
    __initial_sp                             0x200100a0   Data           0  startup_stm32f407xx.o(STACK)



==============================================================================

Memory Map of the image

  Image Entry point : 0x08000189

  Load Region LR_IROM1 (Base: 0x08000000, Size: 0x00004ccc, Max: 0x00100000, ABSOLUTE)

    Execution Region ER_IROM1 (Exec base: 0x08000000, Load base: 0x08000000, Size: 0x00004c78, Max: 0x00100000, ABSOLUTE)

    Exec Addr    Load Addr    Size         Type   Attr      Idx    E Section Name        Object

    0x08000000   0x08000000   0x00000188   Data   RO            3    RESET               startup_stm32f407xx.o
    0x08000188   0x08000188   0x00000000   Code   RO         3713  * .ARM.Collect$$$$00000000  mc_w.l(entry.o)
    0x08000188   0x08000188   0x00000004   Code   RO         3724    .ARM.Collect$$$$00000001  mc_w.l(entry2.o)
    0x0800018c   0x0800018c   0x00000004   Code   RO         3727    .ARM.Collect$$$$00000004  mc_w.l(entry5.o)
    0x08000190   0x08000190   0x00000000   Code   RO         3729    .ARM.Collect$$$$00000008  mc_w.l(entry7b.o)
    0x08000190   0x08000190   0x00000000   Code   RO         3731    .ARM.Collect$$$$0000000A  mc_w.l(entry8b.o)
    0x08000190   0x08000190   0x00000008   Code   RO         3732    .ARM.Collect$$$$0000000B  mc_w.l(entry9a.o)
    0x08000198   0x08000198   0x00000000   Code   RO         3734    .ARM.Collect$$$$0000000D  mc_w.l(entry10a.o)
    0x08000198   0x08000198   0x00000000   Code   RO         3736    .ARM.Collect$$$$0000000F  mc_w.l(entry11a.o)
    0x08000198   0x08000198   0x00000004   Code   RO         3725    .ARM.Collect$$$$00002712  mc_w.l(entry2.o)
    0x0800019c   0x0800019c   0x00000024   Code   RO            4    .text               startup_stm32f407xx.o
    0x080001c0   0x080001c0   0x00000062   Code   RO         3716    .text               mc_w.l(uldiv.o)
    0x08000222   0x08000222   0x00000024   Code   RO         3718    .text               mc_w.l(memcpya.o)
    0x08000246   0x08000246   0x00000024   Code   RO         3720    .text               mc_w.l(memseta.o)
    0x0800026a   0x0800026a   0x0000001e   Code   RO         3738    .text               mc_w.l(llshl.o)
    0x08000288   0x08000288   0x00000020   Code   RO         3740    .text               mc_w.l(llushr.o)
    0x080002a8   0x080002a8   0x00000024   Code   RO         3742    .text               mc_w.l(init.o)
    0x080002cc   0x080002cc   0x00000002   Code   RO          519    i.BusFault_Handler  stm32f4xx_it.o
    0x080002ce   0x080002ce   0x00000002   PAD
    0x080002d0   0x080002d0   0x00000080   Code   RO          520    i.DMA1_Stream3_IRQHandler  stm32f4xx_it.o
    0x08000350   0x08000350   0x00000002   Code   RO          521    i.DMA1_Stream4_IRQHandler  stm32f4xx_it.o
    0x08000352   0x08000352   0x00000002   PAD
    0x08000354   0x08000354   0x00000028   Code   RO         1133    i.DMA_CalcBaseAndBitshift  stm32f4xx_hal_dma.o
    0x0800037c   0x0800037c   0x00000054   Code   RO         1134    i.DMA_CheckFifoParam  stm32f4xx_hal_dma.o
    0x080003d0   0x080003d0   0x00000002   Code   RO          522    i.DebugMon_Handler  stm32f4xx_it.o
    0x080003d2   0x080003d2   0x00000002   Code   RO          321    i.Error_Handler     main.o
    0x080003d4   0x080003d4   0x00000006   Code   RO         3642    i.FATFS_LinkDriver  ff_gen_drv.o
    0x080003da   0x080003da   0x00000002   PAD
    0x080003dc   0x080003dc   0x00000040   Code   RO         3643    i.FATFS_LinkDriverEx  ff_gen_drv.o
    0x0800041c   0x0800041c   0x000000d4   Code   RO         1142    i.HAL_DMA_Init      stm32f4xx_hal_dma.o
    0x080004f0   0x080004f0   0x00000024   Code   RO         1555    i.HAL_Delay         stm32f4xx_hal.o
    0x08000514   0x08000514   0x000001b8   Code   RO         1029    i.HAL_GPIO_Init     stm32f4xx_hal_gpio.o
    0x080006cc   0x080006cc   0x0000000e   Code   RO         1032    i.HAL_GPIO_TogglePin  stm32f4xx_hal_gpio.o
    0x080006da   0x080006da   0x0000000a   Code   RO         1033    i.HAL_GPIO_WritePin  stm32f4xx_hal_gpio.o
    0x080006e4   0x080006e4   0x0000000c   Code   RO         1561    i.HAL_GetTick       stm32f4xx_hal.o
    0x080006f0   0x080006f0   0x00000010   Code   RO         1567    i.HAL_IncTick       stm32f4xx_hal.o
    0x08000700   0x08000700   0x00000034   Code   RO         1568    i.HAL_Init          stm32f4xx_hal.o
    0x08000734   0x08000734   0x00000040   Code   RO         1569    i.HAL_InitTick      stm32f4xx_hal.o
    0x08000774   0x08000774   0x00000030   Code   RO          613    i.HAL_MspInit       stm32f4xx_hal_msp.o
    0x080007a4   0x080007a4   0x0000001a   Code   RO         1418    i.HAL_NVIC_EnableIRQ  stm32f4xx_hal_cortex.o
    0x080007be   0x080007be   0x00000002   PAD
    0x080007c0   0x080007c0   0x00000040   Code   RO         1424    i.HAL_NVIC_SetPriority  stm32f4xx_hal_cortex.o
    0x08000800   0x08000800   0x00000024   Code   RO         1425    i.HAL_NVIC_SetPriorityGrouping  stm32f4xx_hal_cortex.o
    0x08000824   0x08000824   0x00000134   Code   RO          675    i.HAL_RCC_ClockConfig  stm32f4xx_hal_rcc.o
    0x08000958   0x08000958   0x00000020   Code   RO          682    i.HAL_RCC_GetPCLK1Freq  stm32f4xx_hal_rcc.o
    0x08000978   0x08000978   0x00000020   Code   RO          683    i.HAL_RCC_GetPCLK2Freq  stm32f4xx_hal_rcc.o
    0x08000998   0x08000998   0x00000060   Code   RO          684    i.HAL_RCC_GetSysClockFreq  stm32f4xx_hal_rcc.o
    0x080009f8   0x080009f8   0x0000035c   Code   RO          687    i.HAL_RCC_OscConfig  stm32f4xx_hal_rcc.o
    0x08000d54   0x08000d54   0x00000080   Code   RO         1817    i.HAL_SPI_Init      stm32f4xx_hal_spi.o
    0x08000dd4   0x08000dd4   0x000000fc   Code   RO          615    i.HAL_SPI_MspInit   stm32f4xx_hal_msp.o
    0x08000ed0   0x08000ed0   0x0000015c   Code   RO         1825    i.HAL_SPI_Transmit  stm32f4xx_hal_spi.o
    0x0800102c   0x0800102c   0x000001e2   Code   RO         1826    i.HAL_SPI_TransmitReceive  stm32f4xx_hal_spi.o
    0x0800120e   0x0800120e   0x00000028   Code   RO         1429    i.HAL_SYSTICK_Config  stm32f4xx_hal_cortex.o
    0x08001236   0x08001236   0x00000002   Code   RO         2805    i.HAL_TIMEx_BreakCallback  stm32f4xx_hal_tim_ex.o
    0x08001238   0x08001238   0x00000002   Code   RO         2806    i.HAL_TIMEx_CommutCallback  stm32f4xx_hal_tim_ex.o
    0x0800123a   0x0800123a   0x00000002   PAD
    0x0800123c   0x0800123c   0x00000090   Code   RO         2823    i.HAL_TIMEx_MasterConfigSynchronization  stm32f4xx_hal_tim_ex.o
    0x080012cc   0x080012cc   0x00000036   Code   RO         2130    i.HAL_TIM_Base_Init  stm32f4xx_hal_tim.o
    0x08001302   0x08001302   0x00000002   PAD
    0x08001304   0x08001304   0x00000054   Code   RO          617    i.HAL_TIM_Base_MspInit  stm32f4xx_hal_msp.o
    0x08001358   0x08001358   0x00000024   Code   RO         2133    i.HAL_TIM_Base_Start  stm32f4xx_hal_tim.o
    0x0800137c   0x0800137c   0x000000d6   Code   RO         2139    i.HAL_TIM_ConfigClockSource  stm32f4xx_hal_tim.o
    0x08001452   0x08001452   0x00000002   Code   RO         2159    i.HAL_TIM_IC_CaptureCallback  stm32f4xx_hal_tim.o
    0x08001454   0x08001454   0x00000166   Code   RO         2173    i.HAL_TIM_IRQHandler  stm32f4xx_hal_tim.o
    0x080015ba   0x080015ba   0x00000002   Code   RO         2176    i.HAL_TIM_OC_DelayElapsedCallback  stm32f4xx_hal_tim.o
    0x080015bc   0x080015bc   0x00000002   Code   RO         2203    i.HAL_TIM_PWM_PulseFinishedCallback  stm32f4xx_hal_tim.o
    0x080015be   0x080015be   0x00000002   Code   RO         2211    i.HAL_TIM_PeriodElapsedCallback  stm32f4xx_hal_tim.o
    0x080015c0   0x080015c0   0x00000002   Code   RO         2216    i.HAL_TIM_TriggerCallback  stm32f4xx_hal_tim.o
    0x080015c2   0x080015c2   0x00000062   Code   RO         3081    i.HAL_UART_Init     stm32f4xx_hal_uart.o
    0x08001624   0x08001624   0x00000094   Code   RO          619    i.HAL_UART_MspInit  stm32f4xx_hal_msp.o
    0x080016b8   0x080016b8   0x000000ba   Code   RO         3089    i.HAL_UART_Transmit  stm32f4xx_hal_uart.o
    0x08001772   0x08001772   0x00000002   Code   RO          523    i.HardFault_Handler  stm32f4xx_it.o
    0x08001774   0x08001774   0x0000001c   Code   RO          481    i.MX_FATFS_Init     fatfs.o
    0x08001790   0x08001790   0x0000010c   Code   RO          322    i.MX_GPIO_Init      main.o
    0x0800189c   0x0800189c   0x00000038   Code   RO          323    i.MX_SPI2_Init      main.o
    0x080018d4   0x080018d4   0x00000054   Code   RO          324    i.MX_TIM3_Init      main.o
    0x08001928   0x08001928   0x00000002   Code   RO          524    i.MemManage_Handler  stm32f4xx_it.o
    0x0800192a   0x0800192a   0x00000002   Code   RO          525    i.NMI_Handler       stm32f4xx_it.o
    0x0800192c   0x0800192c   0x00000002   Code   RO          526    i.PendSV_Handler    stm32f4xx_it.o
    0x0800192e   0x0800192e   0x00000030   Code   RO           13    i.SDGetAnswer       sdcard.o
    0x0800195e   0x0800195e   0x00000034   Code   RO           14    i.SDGetAnswerArr    sdcard.o
    0x08001992   0x08001992   0x0000001e   Code   RO           15    i.SDGetAnswerArrDMA  sdcard.o
    0x080019b0   0x080019b0   0x00000ece   Code   RO           17    i.SDInit            sdcard.o
    0x0800287e   0x0800287e   0x00000010   Code   RO           18    i.SDSelect          sdcard.o
    0x0800288e   0x0800288e   0x0000008a   Code   RO           19    i.SDSendCmd         sdcard.o
    0x08002918   0x08002918   0x00000010   Code   RO           20    i.SDUnselect        sdcard.o
    0x08002928   0x08002928   0x00000030   Code   RO           21    i.SDWaitDataToken   sdcard.o
    0x08002958   0x08002958   0x0000009c   Code   RO           22    i.SDWaitNotBusy     sdcard.o
    0x080029f4   0x080029f4   0x00000058   Code   RO         1855    i.SPI_EndRxTxTransaction  stm32f4xx_hal_spi.o
    0x08002a4c   0x08002a4c   0x00000094   Code   RO         1860    i.SPI_WaitFlagStateUntilTimeout  stm32f4xx_hal_spi.o
    0x08002ae0   0x08002ae0   0x00000002   Code   RO          527    i.SVC_Handler       stm32f4xx_it.o
    0x08002ae2   0x08002ae2   0x00000002   PAD
    0x08002ae4   0x08002ae4   0x00000060   Code   RO          528    i.SysTick_Handler   stm32f4xx_it.o
    0x08002b44   0x08002b44   0x00000084   Code   RO          325    i.SystemClock_Config  main.o
    0x08002bc8   0x08002bc8   0x0000001c   Code   RO         3383    i.SystemInit        system_stm32f4xx.o
    0x08002be4   0x08002be4   0x0000000c   Code   RO          529    i.TIM6_DAC_IRQHandler  stm32f4xx_it.o
    0x08002bf0   0x08002bf0   0x000000c8   Code   RO         2218    i.TIM_Base_SetConfig  stm32f4xx_hal_tim.o
    0x08002cb8   0x08002cb8   0x00000014   Code   RO         2229    i.TIM_ETR_SetConfig  stm32f4xx_hal_tim.o
    0x08002ccc   0x08002ccc   0x00000010   Code   RO         2230    i.TIM_ITRx_SetConfig  stm32f4xx_hal_tim.o
    0x08002cdc   0x08002cdc   0x00000022   Code   RO         2236    i.TIM_TI1_ConfigInputStage  stm32f4xx_hal_tim.o
    0x08002cfe   0x08002cfe   0x00000024   Code   RO         2238    i.TIM_TI2_ConfigInputStage  stm32f4xx_hal_tim.o
    0x08002d22   0x08002d22   0x00000002   PAD
    0x08002d24   0x08002d24   0x00000128   Code   RO         3107    i.UART_SetConfig    stm32f4xx_hal_uart.o
    0x08002e4c   0x08002e4c   0x00000064   Code   RO         3109    i.UART_WaitOnFlagUntilTimeout  stm32f4xx_hal_uart.o
    0x08002eb0   0x08002eb0   0x0000002c   Code   RO          419    i.USER_initialize   user_diskio.o
    0x08002edc   0x08002edc   0x00000024   Code   RO          420    i.USER_ioctl        user_diskio.o
    0x08002f00   0x08002f00   0x0000004c   Code   RO          421    i.USER_read         user_diskio.o
    0x08002f4c   0x08002f4c   0x00000010   Code   RO          422    i.USER_status       user_diskio.o
    0x08002f5c   0x08002f5c   0x00000004   Code   RO          423    i.USER_write        user_diskio.o
    0x08002f60   0x08002f60   0x00000002   Code   RO          530    i.UsageFault_Handler  stm32f4xx_it.o
    0x08002f62   0x08002f62   0x00000020   Code   RO         1431    i.__NVIC_SetPriority  stm32f4xx_hal_cortex.o
    0x08002f82   0x08002f82   0x0000000e   Code   RO         3746    i.__scatterload_copy  mc_w.l(handlers.o)
    0x08002f90   0x08002f90   0x00000002   Code   RO         3747    i.__scatterload_null  mc_w.l(handlers.o)
    0x08002f92   0x08002f92   0x0000000e   Code   RO         3748    i.__scatterload_zeroinit  mc_w.l(handlers.o)
    0x08002fa0   0x08002fa0   0x00000070   Code   RO         3475    i.check_fs          ff.o
    0x08003010   0x08003010   0x00000024   Code   RO         3476    i.clmt_clust        ff.o
    0x08003034   0x08003034   0x00000018   Code   RO         3477    i.clust2sect        ff.o
    0x0800304c   0x0800304c   0x000000bc   Code   RO         3478    i.create_name       ff.o
    0x08003108   0x08003108   0x00000064   Code   RO         3479    i.dir_find          ff.o
    0x0800316c   0x0800316c   0x00000088   Code   RO         3480    i.dir_next          ff.o
    0x080031f4   0x080031f4   0x00000082   Code   RO         3481    i.dir_sdi           ff.o
    0x08003276   0x08003276   0x00000002   PAD
    0x08003278   0x08003278   0x00000028   Code   RO         3420    i.disk_initialize   diskio.o
    0x080032a0   0x080032a0   0x0000001c   Code   RO         3422    i.disk_read         diskio.o
    0x080032bc   0x080032bc   0x00000018   Code   RO         3423    i.disk_status       diskio.o
    0x080032d4   0x080032d4   0x00000014   Code   RO         3482    i.f_close           ff.o
    0x080032e8   0x080032e8   0x00000014   Code   RO         3483    i.f_closedir        ff.o
    0x080032fc   0x080032fc   0x0000019c   Code   RO         3485    i.f_lseek           ff.o
    0x08003498   0x08003498   0x0000004c   Code   RO         3486    i.f_mount           ff.o
    0x080034e4   0x080034e4   0x0000007c   Code   RO         3487    i.f_open            ff.o
    0x08003560   0x08003560   0x00000062   Code   RO         3488    i.f_opendir         ff.o
    0x080035c2   0x080035c2   0x00000128   Code   RO         3489    i.f_read            ff.o
    0x080036ea   0x080036ea   0x0000008a   Code   RO         3490    i.f_readdir         ff.o
    0x08003774   0x08003774   0x000001c0   Code   RO         3492    i.find_volume       ff.o
    0x08003934   0x08003934   0x00000074   Code   RO         3493    i.follow_path       ff.o
    0x080039a8   0x080039a8   0x000000be   Code   RO         3494    i.get_fat           ff.o
    0x08003a66   0x08003a66   0x00000062   Code   RO         3495    i.get_fileinfo      ff.o
    0x08003ac8   0x08003ac8   0x0000003c   Code   RO         3496    i.get_ldnumber      ff.o
    0x08003b04   0x08003b04   0x00000026   Code   RO         3497    i.ld_clust          ff.o
    0x08003b2a   0x08003b2a   0x00000016   Code   RO         3498    i.ld_dword          ff.o
    0x08003b40   0x08003b40   0x0000000a   Code   RO         3499    i.ld_word           ff.o
    0x08003b4a   0x08003b4a   0x00000002   PAD
    0x08003b4c   0x08003b4c   0x00000338   Code   RO          326    i.main              main.o
    0x08003e84   0x08003e84   0x00000100   Code   RO           23    i.makeSPIDMARequest  sdcard.o
    0x08003f84   0x08003f84   0x00000028   Code   RO         3500    i.move_window       ff.o
    0x08003fac   0x08003fac   0x0000016e   Code   RO           24    i.processResult     sdcard.o
    0x0800411a   0x0800411a   0x00000002   PAD
    0x0800411c   0x0800411c   0x00000010   Code   RO          327    i.processTimedEvents  main.o
    0x0800412c   0x0800412c   0x000005ac   Code   RO           26    i.readMultipleBlocksDMA  sdcard.o
    0x080046d8   0x080046d8   0x00000278   Code   RO           28    i.readSingleBlockDMA  sdcard.o
    0x08004950   0x08004950   0x00000014   Code   RO          328    i.uart3_putc        main.o
    0x08004964   0x08004964   0x00000034   Code   RO         3501    i.validate          ff.o
    0x08004998   0x08004998   0x00000012   Code   RO          240    i.xprintf           xprintf.o
    0x080049aa   0x080049aa   0x00000002   PAD
    0x080049ac   0x080049ac   0x00000030   Code   RO          241    i.xputc             xprintf.o
    0x080049dc   0x080049dc   0x00000014   Code   RO          242    i.xputs             xprintf.o
    0x080049f0   0x080049f0   0x000001a6   Code   RO          244    i.xvprintf          xprintf.o
    0x08004b96   0x08004b96   0x00000008   Data   RO         1148    .constdata          stm32f4xx_hal_dma.o
    0x08004b9e   0x08004b9e   0x00000010   Data   RO         3384    .constdata          system_stm32f4xx.o
    0x08004bae   0x08004bae   0x00000008   Data   RO         3385    .constdata          system_stm32f4xx.o
    0x08004bb6   0x08004bb6   0x00000080   Data   RO         3502    .constdata          ff.o
    0x08004c36   0x08004c36   0x00000002   PAD
    0x08004c38   0x08004c38   0x00000040   Data   RO         3744    Region$$Table       anon$$obj.o


    Execution Region RW_IRAM2 (Exec base: 0x10000000, Load base: 0x08004c94, Size: 0x00000098, Max: 0x00010000, ABSOLUTE)

    Exec Addr    Load Addr    Size         Type   Attr      Idx    E Section Name        Object

    0x10000000   0x08004c94   0x00000008   Data   RW          332    .data               main.o
    0x10000008   0x08004c9c   0x00000001   Data   RW          424    .data               user_diskio.o
    0x10000009   0x08004c9d   0x00000003   PAD
    0x1000000c   0x08004ca0   0x00000014   Data   RW          425    .data               user_diskio.o
    0x10000020   0x08004cb4   0x0000000c   Data   RW         1575    .data               stm32f4xx_hal.o
    0x1000002c   0x08004cc0   0x00000004   Data   RW         3386    .data               system_stm32f4xx.o
    0x10000030   0x08004cc4   0x00000008   Data   RW         3503    .data               ff.o
    0x10000038        -       0x00000060   Zero   RW          330    .bss                main.o


    Execution Region RW_IRAM1 (Exec base: 0x20000000, Load base: 0x08004c78, Size: 0x000100a0, Max: 0x00020000, ABSOLUTE)

    Exec Addr    Load Addr    Size         Type   Attr      Idx    E Section Name        Object

    0x20000000   0x08004c78   0x00000002   Data   RW           30    .data               sdcard.o
    0x20000002   0x08004c7a   0x00000002   PAD
    0x20000004   0x08004c7c   0x0000000c   Data   RW          245    .data               xprintf.o
    0x20000010   0x08004c88   0x00000006   Data   RW          331    .data               main.o
    0x20000016   0x08004c8e   0x00000005   Data   RW          485    .data               fatfs.o
    0x2000001b   0x08004c93   0x00000001   PAD
    0x2000001c        -       0x0000ee71   Zero   RW          329    .bss                main.o
    0x2000ee8d   0x08004c93   0x00000003   PAD
    0x2000ee90        -       0x0000000c   Zero   RW         3646    .bss                ff_gen_drv.o
    0x2000ee9c   0x08004c93   0x00000004   PAD
    0x2000eea0        -       0x00001200   Zero   RW            1    STACK               startup_stm32f407xx.o


==============================================================================

Image component sizes


      Code (inc. data)   RO Data    RW Data    ZI Data      Debug   Object Name

        92         14          0          0          0       2339   diskio.o
        28         10          0          5          0       1022   fatfs.o
      2984         40        128          8          0      26573   ff.o
        70          6          0          0         12       1627   ff_gen_drv.o
      1402        310          0         14      61137      10374   main.o
      7000         36          0          2          0     702789   sdcard.o
        36          8        392          0       4608        832   startup_stm32f407xx.o
       180         28          0         12          0       9381   stm32f4xx_hal.o
       198         14          0          0          0      33935   stm32f4xx_hal_cortex.o
       336         12          8          0          0       2895   stm32f4xx_hal_dma.o
       464         46          0          0          0       3013   stm32f4xx_hal_gpio.o
       532         64          0          0          0       3206   stm32f4xx_hal_msp.o
      1328         72          0          0          0       5216   stm32f4xx_hal_rcc.o
      1194          8          0          0          0       6244   stm32f4xx_hal_spi.o
       978         44          0          0          0      10542   stm32f4xx_hal_tim.o
       148         28          0          0          0       2449   stm32f4xx_hal_tim_ex.o
       680         10          0          0          0       4104   stm32f4xx_hal_uart.o
       254         38          0          0          0       5620   stm32f4xx_it.o
        28          6         24          4          0       1119   system_stm32f4xx.o
       176         28          0         21          0       3714   user_diskio.o
       508          6          0         12          0       4369   xprintf.o

    ----------------------------------------------------------------------
     18640        828        618         84      65764     841363   Object Totals
         0          0         64          0          0          0   (incl. Generated)
        24          0          2          6          7          0   (incl. Padding)

    ----------------------------------------------------------------------

      Code (inc. data)   RO Data    RW Data    ZI Data      Debug   Library Member Name

         0          0          0          0          0          0   entry.o
         0          0          0          0          0          0   entry10a.o
         0          0          0          0          0          0   entry11a.o
         8          4          0          0          0          0   entry2.o
         4          0          0          0          0          0   entry5.o
         0          0          0          0          0          0   entry7b.o
         0          0          0          0          0          0   entry8b.o
         8          4          0          0          0          0   entry9a.o
        30          0          0          0          0          0   handlers.o
        36          8          0          0          0         68   init.o
        30          0          0          0          0         68   llshl.o
        32          0          0          0          0         68   llushr.o
        36          0          0          0          0         68   memcpya.o
        36          0          0          0          0        108   memseta.o
        98          0          0          0          0         92   uldiv.o

    ----------------------------------------------------------------------
       318         16          0          0          0        472   Library Totals
         0          0          0          0          0          0   (incl. Padding)

    ----------------------------------------------------------------------

      Code (inc. data)   RO Data    RW Data    ZI Data      Debug   Library Name

       318         16          0          0          0        472   mc_w.l

    ----------------------------------------------------------------------
       318         16          0          0          0        472   Library Totals

    ----------------------------------------------------------------------

==============================================================================


      Code (inc. data)   RO Data    RW Data    ZI Data      Debug   

     18958        844        618         84      65764     830183   Grand Totals
     18958        844        618         84      65764     830183   ELF Image Totals
     18958        844        618         84          0          0   ROM Totals

==============================================================================

    Total RO  Size (Code + RO Data)                19576 (  19.12kB)
    Total RW  Size (RW Data + ZI Data)             65848 (  64.30kB)
    Total ROM Size (Code + RO Data + RW Data)      19660 (  19.20kB)

==============================================================================

